<?xml version="1.0"?>
<link_info>
   <banner>MSP430 Linker PC v4.3.3</banner>
   <copyright>Copyright (c) 2003-2014 Texas Instruments Incorporated</copyright>
   <link_time>0x5507c8f7</link_time>
   <link_errors>0x0</link_errors>
   <output_file>Emmu Remote cpp.out</output_file>
   <entry_point>
      <name>_c_int00</name>
      <address>0xa110</address>
   </entry_point>
   <input_file_list>
      <input_file id="fl-2">
         <path>.\</path>
         <kind>object</kind>
         <file>AppProtocol.obj</file>
         <name>AppProtocol.obj</name>
      </input_file>
      <input_file id="fl-3">
         <path>.\</path>
         <kind>object</kind>
         <file>Stc3105.obj</file>
         <name>Stc3105.obj</name>
      </input_file>
      <input_file id="fl-4">
         <path>.\</path>
         <kind>object</kind>
         <file>cc1101.obj</file>
         <name>cc1101.obj</name>
      </input_file>
      <input_file id="fl-5">
         <path>.\</path>
         <kind>object</kind>
         <file>flash.obj</file>
         <name>flash.obj</name>
      </input_file>
      <input_file id="fl-6">
         <path>.\</path>
         <kind>object</kind>
         <file>i2c.obj</file>
         <name>i2c.obj</name>
      </input_file>
      <input_file id="fl-7">
         <path>.\</path>
         <kind>object</kind>
         <file>interrupts.obj</file>
         <name>interrupts.obj</name>
      </input_file>
      <input_file id="fl-8">
         <path>.\</path>
         <kind>object</kind>
         <file>main.obj</file>
         <name>main.obj</name>
      </input_file>
      <input_file id="fl-9">
         <path>.\</path>
         <kind>object</kind>
         <file>spi.obj</file>
         <name>spi.obj</name>
      </input_file>
      <input_file id="fl-37">
         <path>D:\Code Composer Studio\ccsv6\tools\compiler\msp430_4.3.3\lib\</path>
         <kind>archive</kind>
         <file>rts430_eabi.lib</file>
         <name>boot.obj</name>
      </input_file>
      <input_file id="fl-38">
         <path>D:\Code Composer Studio\ccsv6\tools\compiler\msp430_4.3.3\lib\</path>
         <kind>archive</kind>
         <file>rts430_eabi.lib</file>
         <name>copy_decompress_none.obj</name>
      </input_file>
      <input_file id="fl-39">
         <path>D:\Code Composer Studio\ccsv6\tools\compiler\msp430_4.3.3\lib\</path>
         <kind>archive</kind>
         <file>rts430_eabi.lib</file>
         <name>copy_decompress_rle.obj</name>
      </input_file>
      <input_file id="fl-3a">
         <path>D:\Code Composer Studio\ccsv6\tools\compiler\msp430_4.3.3\lib\</path>
         <kind>archive</kind>
         <file>rts430_eabi.lib</file>
         <name>copy_zero_init.obj</name>
      </input_file>
      <input_file id="fl-3b">
         <path>D:\Code Composer Studio\ccsv6\tools\compiler\msp430_4.3.3\lib\</path>
         <kind>archive</kind>
         <file>rts430_eabi.lib</file>
         <name>epilog.obj</name>
      </input_file>
      <input_file id="fl-3c">
         <path>D:\Code Composer Studio\ccsv6\tools\compiler\msp430_4.3.3\lib\</path>
         <kind>archive</kind>
         <file>rts430_eabi.lib</file>
         <name>exit.obj</name>
      </input_file>
      <input_file id="fl-3d">
         <path>D:\Code Composer Studio\ccsv6\tools\compiler\msp430_4.3.3\lib\</path>
         <kind>archive</kind>
         <file>rts430_eabi.lib</file>
         <name>fixdu.obj</name>
      </input_file>
      <input_file id="fl-3e">
         <path>D:\Code Composer Studio\ccsv6\tools\compiler\msp430_4.3.3\lib\</path>
         <kind>archive</kind>
         <file>rts430_eabi.lib</file>
         <name>fixdul.obj</name>
      </input_file>
      <input_file id="fl-3f">
         <path>D:\Code Composer Studio\ccsv6\tools\compiler\msp430_4.3.3\lib\</path>
         <kind>archive</kind>
         <file>rts430_eabi.lib</file>
         <name>fltud.obj</name>
      </input_file>
      <input_file id="fl-40">
         <path>D:\Code Composer Studio\ccsv6\tools\compiler\msp430_4.3.3\lib\</path>
         <kind>archive</kind>
         <file>rts430_eabi.lib</file>
         <name>fltuld.obj</name>
      </input_file>
      <input_file id="fl-41">
         <path>D:\Code Composer Studio\ccsv6\tools\compiler\msp430_4.3.3\lib\</path>
         <kind>archive</kind>
         <file>rts430_eabi.lib</file>
         <name>int02.obj</name>
      </input_file>
      <input_file id="fl-42">
         <path>D:\Code Composer Studio\ccsv6\tools\compiler\msp430_4.3.3\lib\</path>
         <kind>archive</kind>
         <file>rts430_eabi.lib</file>
         <name>int05.obj</name>
      </input_file>
      <input_file id="fl-43">
         <path>D:\Code Composer Studio\ccsv6\tools\compiler\msp430_4.3.3\lib\</path>
         <kind>archive</kind>
         <file>rts430_eabi.lib</file>
         <name>int06.obj</name>
      </input_file>
      <input_file id="fl-44">
         <path>D:\Code Composer Studio\ccsv6\tools\compiler\msp430_4.3.3\lib\</path>
         <kind>archive</kind>
         <file>rts430_eabi.lib</file>
         <name>int07.obj</name>
      </input_file>
      <input_file id="fl-45">
         <path>D:\Code Composer Studio\ccsv6\tools\compiler\msp430_4.3.3\lib\</path>
         <kind>archive</kind>
         <file>rts430_eabi.lib</file>
         <name>int08.obj</name>
      </input_file>
      <input_file id="fl-46">
         <path>D:\Code Composer Studio\ccsv6\tools\compiler\msp430_4.3.3\lib\</path>
         <kind>archive</kind>
         <file>rts430_eabi.lib</file>
         <name>int10.obj</name>
      </input_file>
      <input_file id="fl-47">
         <path>D:\Code Composer Studio\ccsv6\tools\compiler\msp430_4.3.3\lib\</path>
         <kind>archive</kind>
         <file>rts430_eabi.lib</file>
         <name>int12.obj</name>
      </input_file>
      <input_file id="fl-48">
         <path>D:\Code Composer Studio\ccsv6\tools\compiler\msp430_4.3.3\lib\</path>
         <kind>archive</kind>
         <file>rts430_eabi.lib</file>
         <name>int13.obj</name>
      </input_file>
      <input_file id="fl-49">
         <path>D:\Code Composer Studio\ccsv6\tools\compiler\msp430_4.3.3\lib\</path>
         <kind>archive</kind>
         <file>rts430_eabi.lib</file>
         <name>int14.obj</name>
      </input_file>
      <input_file id="fl-4a">
         <path>D:\Code Composer Studio\ccsv6\tools\compiler\msp430_4.3.3\lib\</path>
         <kind>archive</kind>
         <file>rts430_eabi.lib</file>
         <name>isr_trap.obj</name>
      </input_file>
      <input_file id="fl-4b">
         <path>D:\Code Composer Studio\ccsv6\tools\compiler\msp430_4.3.3\lib\</path>
         <kind>archive</kind>
         <file>rts430_eabi.lib</file>
         <name>lsl16.obj</name>
      </input_file>
      <input_file id="fl-4c">
         <path>D:\Code Composer Studio\ccsv6\tools\compiler\msp430_4.3.3\lib\</path>
         <kind>archive</kind>
         <file>rts430_eabi.lib</file>
         <name>lsl32.obj</name>
      </input_file>
      <input_file id="fl-4d">
         <path>D:\Code Composer Studio\ccsv6\tools\compiler\msp430_4.3.3\lib\</path>
         <kind>archive</kind>
         <file>rts430_eabi.lib</file>
         <name>lsr16.obj</name>
      </input_file>
      <input_file id="fl-4e">
         <path>D:\Code Composer Studio\ccsv6\tools\compiler\msp430_4.3.3\lib\</path>
         <kind>archive</kind>
         <file>rts430_eabi.lib</file>
         <name>lsr32.obj</name>
      </input_file>
      <input_file id="fl-4f">
         <path>D:\Code Composer Studio\ccsv6\tools\compiler\msp430_4.3.3\lib\</path>
         <kind>archive</kind>
         <file>rts430_eabi.lib</file>
         <name>memcpy.obj</name>
      </input_file>
      <input_file id="fl-50">
         <path>D:\Code Composer Studio\ccsv6\tools\compiler\msp430_4.3.3\lib\</path>
         <kind>archive</kind>
         <file>rts430_eabi.lib</file>
         <name>mpu_init.obj</name>
      </input_file>
      <input_file id="fl-51">
         <path>D:\Code Composer Studio\ccsv6\tools\compiler\msp430_4.3.3\lib\</path>
         <kind>archive</kind>
         <file>rts430_eabi.lib</file>
         <name>mpyd.obj</name>
      </input_file>
      <input_file id="fl-52">
         <path>D:\Code Composer Studio\ccsv6\tools\compiler\msp430_4.3.3\lib\</path>
         <kind>archive</kind>
         <file>rts430_eabi.lib</file>
         <name>pre_init.obj</name>
      </input_file>
      <input_file id="fl-53">
         <path>D:\Code Composer Studio\ccsv6\tools\compiler\msp430_4.3.3\lib\</path>
         <kind>archive</kind>
         <file>rts430_eabi.lib</file>
         <name>_lock.obj</name>
      </input_file>
      <input_file id="fl-54">
         <path>D:\Code Composer Studio\ccsv6\tools\compiler\msp430_4.3.3\lib\</path>
         <kind>archive</kind>
         <file>rts430_eabi.lib</file>
         <name>args_main.obj</name>
      </input_file>
      <input_file id="fl-55">
         <path>D:\Code Composer Studio\ccsv6\tools\compiler\msp430_4.3.3\lib\</path>
         <kind>archive</kind>
         <file>rts430_eabi.lib</file>
         <name>asr16.obj</name>
      </input_file>
      <input_file id="fl-56">
         <path>D:\Code Composer Studio\ccsv6\tools\compiler\msp430_4.3.3\lib\</path>
         <kind>archive</kind>
         <file>rts430_eabi.lib</file>
         <name>autoinit.obj</name>
      </input_file>
      <input_file id="fl-57">
         <path>D:\Code Composer Studio\ccsv6\tools\compiler\msp430_4.3.3\lib\</path>
         <kind>archive</kind>
         <file>rts430_eabi.lib</file>
         <name>frcmpyd.obj</name>
      </input_file>
      <input_file id="fl-58">
         <path>D:\Code Composer Studio\ccsv6\tools\compiler\msp430_4.3.3\lib\</path>
         <kind>archive</kind>
         <file>rts430_eabi.lib</file>
         <name>mult32.obj</name>
      </input_file>
      <input_file id="fl-59">
         <path>D:\Code Composer Studio\ccsv6\tools\compiler\msp430_4.3.3\lib\</path>
         <kind>archive</kind>
         <file>rts430_eabi.lib</file>
         <name>asr32.obj</name>
      </input_file>
   </input_file_list>
   <object_component_list>
      <object_component id="oc-50">
         <name>.stack</name>
         <uninitialized>true</uninitialized>
         <run_address>0x5b0</run_address>
         <size>0x2</size>
         <input_file_ref idref="fl-37"/>
      </object_component>
      <object_component id="oc-478">
         <name>.stack</name>
         <uninitialized>true</uninitialized>
         <run_address>0x5b0</run_address>
         <size>0x0</size>
      </object_component>
      <object_component id="oc-100">
         <name>.text:_ZN6CC110115WriteRfSettingsEPK12rfSettings_t</name>
         <load_address>0x8000</load_address>
         <run_address>0x8000</run_address>
         <size>0x30e</size>
         <input_file_ref idref="fl-4"/>
      </object_component>
      <object_component id="oc-385">
         <name>.text:__TI_frcmpyd</name>
         <load_address>0x830e</load_address>
         <run_address>0x830e</run_address>
         <size>0x2f4</size>
         <input_file_ref idref="fl-57"/>
      </object_component>
      <object_component id="oc-247">
         <name>.text:_Z4Scanv</name>
         <load_address>0x8602</load_address>
         <run_address>0x8602</run_address>
         <size>0x2c2</size>
         <input_file_ref idref="fl-8"/>
      </object_component>
      <object_component id="oc-261">
         <name>.text:__mspabi_mpyd</name>
         <load_address>0x88c4</load_address>
         <run_address>0x88c4</run_address>
         <size>0x26e</size>
         <input_file_ref idref="fl-51"/>
      </object_component>
      <object_component id="oc-71">
         <name>.text:main</name>
         <load_address>0x8b32</load_address>
         <run_address>0x8b32</run_address>
         <size>0x1ce</size>
         <input_file_ref idref="fl-8"/>
      </object_component>
      <object_component id="oc-328">
         <name>.text:_ZN6CC110113ReceivePacketEPhS0_</name>
         <load_address>0x8d00</load_address>
         <run_address>0x8d00</run_address>
         <size>0xde</size>
         <input_file_ref idref="fl-4"/>
      </object_component>
      <object_component id="oc-146">
         <name>.text:_ZN7Stc310511ReadVoltageEv</name>
         <load_address>0x8dde</load_address>
         <run_address>0x8dde</run_address>
         <size>0xca</size>
         <input_file_ref idref="fl-3"/>
      </object_component>
      <object_component id="oc-23b">
         <name>.text:_Z12ReceivingAckv</name>
         <load_address>0x8ea8</load_address>
         <run_address>0x8ea8</run_address>
         <size>0xa6</size>
         <input_file_ref idref="fl-8"/>
      </object_component>
      <object_component id="oc-59">
         <name>.text:_Z9Port2_ISRv</name>
         <load_address>0x8f4e</load_address>
         <run_address>0x8f4e</run_address>
         <size>0x8a</size>
         <input_file_ref idref="fl-7"/>
      </object_component>
      <object_component id="oc-1f4">
         <name>.text:_ZN7SoftI2c9ReadBlockEhhPh</name>
         <load_address>0x8fd8</load_address>
         <run_address>0x8fd8</run_address>
         <size>0x8a</size>
         <input_file_ref idref="fl-6"/>
      </object_component>
      <object_component id="oc-378">
         <name>.text:__mspabi_fltuld</name>
         <load_address>0x9062</load_address>
         <run_address>0x9062</run_address>
         <size>0x80</size>
         <input_file_ref idref="fl-40"/>
      </object_component>
      <object_component id="oc-11c">
         <name>.text:_ZN6CC11015SleepEv</name>
         <load_address>0x90e2</load_address>
         <run_address>0x90e2</run_address>
         <size>0x7e</size>
         <input_file_ref idref="fl-4"/>
      </object_component>
      <object_component id="oc-215">
         <name>.text:_Z25buttonBothPressed_Handlerv</name>
         <load_address>0x9160</load_address>
         <run_address>0x9160</run_address>
         <size>0x7c</size>
         <input_file_ref idref="fl-8"/>
      </object_component>
      <object_component id="oc-2f1">
         <name>.text:_ZN6CC11014WakeEhh</name>
         <load_address>0x91dc</load_address>
         <run_address>0x91dc</run_address>
         <size>0x7c</size>
         <input_file_ref idref="fl-4"/>
      </object_component>
      <object_component id="oc-34b">
         <name>.text:_ZN6CC110110SendPacketEPhh</name>
         <load_address>0x9258</load_address>
         <run_address>0x9258</run_address>
         <size>0x7a</size>
         <input_file_ref idref="fl-4"/>
      </object_component>
      <object_component id="oc-2ba">
         <name>.text:_ZN7SoftI2c6RxByteEh</name>
         <load_address>0x92d2</load_address>
         <run_address>0x92d2</run_address>
         <size>0x7a</size>
         <input_file_ref idref="fl-6"/>
      </object_component>
      <object_component id="oc-3e0">
         <name>.text:_ZN6CC110112ReadBurstRegEhPhh</name>
         <load_address>0x934c</load_address>
         <run_address>0x934c</run_address>
         <size>0x78</size>
         <input_file_ref idref="fl-4"/>
      </object_component>
      <object_component id="oc-397">
         <name>.text:__mspabi_fixdul</name>
         <load_address>0x93c4</load_address>
         <run_address>0x93c4</run_address>
         <size>0x74</size>
         <input_file_ref idref="fl-3e"/>
      </object_component>
      <object_component id="oc-3e7">
         <name>.text:_ZN6CC110113WriteBurstRegEhPhh</name>
         <load_address>0x9438</load_address>
         <run_address>0x9438</run_address>
         <size>0x6c</size>
         <input_file_ref idref="fl-4"/>
      </object_component>
      <object_component id="oc-137">
         <name>.text:_Z12StartupBlinkv</name>
         <load_address>0x94a4</load_address>
         <run_address>0x94a4</run_address>
         <size>0x6a</size>
         <input_file_ref idref="fl-8"/>
      </object_component>
      <object_component id="oc-29e">
         <name>.text:_ZN7SoftI2c6TxByteEh</name>
         <load_address>0x950e</load_address>
         <run_address>0x950e</run_address>
         <size>0x6a</size>
         <input_file_ref idref="fl-6"/>
      </object_component>
      <object_component id="oc-31d">
         <name>.text:_ZN11AppProtocol11SendRequestEP6CC1101</name>
         <load_address>0x9578</load_address>
         <run_address>0x9578</run_address>
         <size>0x66</size>
         <input_file_ref idref="fl-2"/>
      </object_component>
      <object_component id="oc-5f">
         <name>.text:_Z10TimerA_ISRv</name>
         <load_address>0x95de</load_address>
         <run_address>0x95de</run_address>
         <size>0x62</size>
         <input_file_ref idref="fl-7"/>
      </object_component>
      <object_component id="oc-f6">
         <name>.text:_ZN6CC11015ResetEv</name>
         <load_address>0x9640</load_address>
         <run_address>0x9640</run_address>
         <size>0x60</size>
         <input_file_ref idref="fl-4"/>
      </object_component>
      <object_component id="oc-1ee">
         <name>.text:_ZN7SoftI2c10WriteBlockEhhPh</name>
         <load_address>0x96a0</load_address>
         <run_address>0x96a0</run_address>
         <size>0x60</size>
         <input_file_ref idref="fl-6"/>
      </object_component>
      <object_component id="oc-92">
         <name>.text:__TI_decompress_rle_core</name>
         <load_address>0x9700</load_address>
         <run_address>0x9700</run_address>
         <size>0x5e</size>
         <input_file_ref idref="fl-39"/>
      </object_component>
      <object_component id="oc-6b">
         <name>.text:_auto_init</name>
         <load_address>0x975e</load_address>
         <run_address>0x975e</run_address>
         <size>0x5e</size>
         <input_file_ref idref="fl-56"/>
      </object_component>
      <object_component id="oc-1d3">
         <name>.text:_ZN3Spi17SerialInterfaceRwEh</name>
         <load_address>0x97bc</load_address>
         <run_address>0x97bc</run_address>
         <size>0x5c</size>
         <input_file_ref idref="fl-9"/>
      </object_component>
      <object_component id="oc-3f5">
         <name>.text:l_lsr_const</name>
         <load_address>0x9818</load_address>
         <run_address>0x9818</run_address>
         <size>0x5c</size>
         <input_file_ref idref="fl-4e"/>
      </object_component>
      <object_component id="oc-30e">
         <name>.text:_ZN6CC110110WaitForCCAEh</name>
         <load_address>0x9874</load_address>
         <run_address>0x9874</run_address>
         <size>0x5a</size>
         <input_file_ref idref="fl-4"/>
      </object_component>
      <object_component id="oc-bd">
         <name>.text:_Z6hwInitv</name>
         <load_address>0x98ce</load_address>
         <run_address>0x98ce</run_address>
         <size>0x58</size>
         <input_file_ref idref="fl-8"/>
      </object_component>
      <object_component id="oc-1df">
         <name>.text:_ZN6CC11017ReadRegEh</name>
         <load_address>0x9926</load_address>
         <run_address>0x9926</run_address>
         <size>0x58</size>
         <input_file_ref idref="fl-4"/>
      </object_component>
      <object_component id="oc-12a">
         <name>.text:_ZN7Stc31054InitEv</name>
         <load_address>0x997e</load_address>
         <run_address>0x997e</run_address>
         <size>0x58</size>
         <input_file_ref idref="fl-3"/>
      </object_component>
      <object_component id="oc-235">
         <name>.text:_Z10SendingCmdv</name>
         <load_address>0x99d6</load_address>
         <run_address>0x99d6</run_address>
         <size>0x54</size>
         <input_file_ref idref="fl-8"/>
      </object_component>
      <object_component id="oc-209">
         <name>.text:_Z23button1Released_Handlerv</name>
         <load_address>0x9a2a</load_address>
         <run_address>0x9a2a</run_address>
         <size>0x52</size>
         <input_file_ref idref="fl-8"/>
      </object_component>
      <object_component id="oc-20f">
         <name>.text:_Z23button2Released_Handlerv</name>
         <load_address>0x9a7c</load_address>
         <run_address>0x9a7c</run_address>
         <size>0x52</size>
         <input_file_ref idref="fl-8"/>
      </object_component>
      <object_component id="oc-3da">
         <name>.text:_ZN6CC110110ReadStatusEh</name>
         <load_address>0x9ace</load_address>
         <run_address>0x9ace</run_address>
         <size>0x52</size>
         <input_file_ref idref="fl-4"/>
      </object_component>
      <object_component id="oc-14d">
         <name>.text:_ZN11AppProtocol11ShowBatteryEh</name>
         <load_address>0x9b20</load_address>
         <run_address>0x9b20</run_address>
         <size>0x4e</size>
         <input_file_ref idref="fl-2"/>
      </object_component>
      <object_component id="oc-203">
         <name>.text:_Z22button2Pressed_Handlerv</name>
         <load_address>0x9b6e</load_address>
         <run_address>0x9b6e</run_address>
         <size>0x4c</size>
         <input_file_ref idref="fl-8"/>
      </object_component>
      <object_component id="oc-107">
         <name>.text:_ZN6CC11018WriteRegEhh</name>
         <load_address>0x9bba</load_address>
         <run_address>0x9bba</run_address>
         <size>0x4c</size>
         <input_file_ref idref="fl-4"/>
      </object_component>
      <object_component id="oc-40e">
         <name>.text</name>
         <load_address>0x9c06</load_address>
         <run_address>0x9c06</run_address>
         <size>0x4c</size>
         <input_file_ref idref="fl-4d"/>
      </object_component>
      <object_component id="oc-1fd">
         <name>.text:_Z22button1Pressed_Handlerv</name>
         <load_address>0x9c52</load_address>
         <run_address>0x9c52</run_address>
         <size>0x4a</size>
         <input_file_ref idref="fl-8"/>
      </object_component>
      <object_component id="oc-241">
         <name>.text:_Z4Initv</name>
         <load_address>0x9c9c</load_address>
         <run_address>0x9c9c</run_address>
         <size>0x4a</size>
         <input_file_ref idref="fl-8"/>
      </object_component>
      <object_component id="oc-227">
         <name>.text:_Z23SwitchToStandby_Handlerv</name>
         <load_address>0x9ce6</load_address>
         <run_address>0x9ce6</run_address>
         <size>0x46</size>
         <input_file_ref idref="fl-8"/>
      </object_component>
      <object_component id="oc-112">
         <name>.text:_ZN6CC11016StrobeEh</name>
         <load_address>0x9d2c</load_address>
         <run_address>0x9d2c</run_address>
         <size>0x42</size>
         <input_file_ref idref="fl-4"/>
      </object_component>
      <object_component id="oc-369">
         <name>.text:_ZN11Msp430Flash9WriteByteEhh</name>
         <load_address>0x9d6e</load_address>
         <run_address>0x9d6e</run_address>
         <size>0x40</size>
         <input_file_ref idref="fl-5"/>
      </object_component>
      <object_component id="oc-3c0">
         <name>.text:_ZN7SoftI2c6SetAckEv</name>
         <load_address>0x9dae</load_address>
         <run_address>0x9dae</run_address>
         <size>0x40</size>
         <input_file_ref idref="fl-6"/>
      </object_component>
      <object_component id="oc-404">
         <name>.text:l_asr_const</name>
         <load_address>0x9dee</load_address>
         <run_address>0x9dee</run_address>
         <size>0x3e</size>
         <input_file_ref idref="fl-59"/>
      </object_component>
      <object_component id="oc-3f0">
         <name>.text:l_lsl_const</name>
         <load_address>0x9e2c</load_address>
         <run_address>0x9e2c</run_address>
         <size>0x3e</size>
         <input_file_ref idref="fl-4c"/>
      </object_component>
      <object_component id="oc-315">
         <name>.text:_ZN11AppProtocol11RandomDelayEv</name>
         <load_address>0x9e6a</load_address>
         <run_address>0x9e6a</run_address>
         <size>0x38</size>
         <input_file_ref idref="fl-2"/>
      </object_component>
      <object_component id="oc-361">
         <name>.text:_ZN11Msp430Flash5EraseEj</name>
         <load_address>0x9ea2</load_address>
         <run_address>0x9ea2</run_address>
         <size>0x38</size>
         <input_file_ref idref="fl-5"/>
      </object_component>
      <object_component id="oc-ef">
         <name>.text:_ZN6CC110112PowerupResetEv</name>
         <load_address>0x9eda</load_address>
         <run_address>0x9eda</run_address>
         <size>0x32</size>
         <input_file_ref idref="fl-4"/>
      </object_component>
      <object_component id="oc-1a4">
         <name>.text:_Z11ButtonsInitv</name>
         <load_address>0x9f0c</load_address>
         <run_address>0x9f0c</run_address>
         <size>0x2e</size>
         <input_file_ref idref="fl-8"/>
      </object_component>
      <object_component id="oc-131">
         <name>.text:_ZN7Stc31055SleepEv</name>
         <load_address>0x9f3a</load_address>
         <run_address>0x9f3a</run_address>
         <size>0x2e</size>
         <input_file_ref idref="fl-3"/>
      </object_component>
      <object_component id="oc-380">
         <name>.text</name>
         <load_address>0x9f68</load_address>
         <run_address>0x9f68</run_address>
         <size>0x2c</size>
         <input_file_ref idref="fl-55"/>
      </object_component>
      <object_component id="oc-38b">
         <name>.text</name>
         <load_address>0x9f94</load_address>
         <run_address>0x9f94</run_address>
         <size>0x2c</size>
         <input_file_ref idref="fl-4b"/>
      </object_component>
      <object_component id="oc-3b0">
         <name>.text:_Z7msSleepj</name>
         <load_address>0x9fc0</load_address>
         <run_address>0x9fc0</run_address>
         <size>0x2a</size>
         <input_file_ref idref="fl-6"/>
      </object_component>
      <object_component id="oc-3ff">
         <name>.text</name>
         <load_address>0x9fea</load_address>
         <run_address>0x9fea</run_address>
         <size>0x26</size>
         <input_file_ref idref="fl-58"/>
      </object_component>
      <object_component id="oc-2a4">
         <name>.text:_ZN7SoftI2c4StopEv</name>
         <load_address>0xa010</load_address>
         <run_address>0xa010</run_address>
         <size>0x24</size>
         <input_file_ref idref="fl-6"/>
      </object_component>
      <object_component id="oc-28a">
         <name>.text:_ZN3Spi20SerialInterfaceSetCsEh</name>
         <load_address>0xa034</load_address>
         <run_address>0xa034</run_address>
         <size>0x22</size>
         <input_file_ref idref="fl-9"/>
      </object_component>
      <object_component id="oc-3b9">
         <name>.text:_Z7usSleepj</name>
         <load_address>0xa056</load_address>
         <run_address>0xa056</run_address>
         <size>0x20</size>
         <input_file_ref idref="fl-6"/>
      </object_component>
      <object_component id="oc-19e">
         <name>.text:_Z8LedsInitv</name>
         <load_address>0xa076</load_address>
         <run_address>0xa076</run_address>
         <size>0x20</size>
         <input_file_ref idref="fl-8"/>
      </object_component>
      <object_component id="oc-d8">
         <name>.text:_ZN11Msp430Flash8ReadByteEh</name>
         <load_address>0xa096</load_address>
         <run_address>0xa096</run_address>
         <size>0x20</size>
         <input_file_ref idref="fl-5"/>
      </object_component>
      <object_component id="oc-298">
         <name>.text:_ZN7SoftI2c5StartEv</name>
         <load_address>0xa0b6</load_address>
         <run_address>0xa0b6</run_address>
         <size>0x20</size>
         <input_file_ref idref="fl-6"/>
      </object_component>
      <object_component id="oc-3a8">
         <name>.text:_ZN7SoftI2c6GetAckEv</name>
         <load_address>0xa0d6</load_address>
         <run_address>0xa0d6</run_address>
         <size>0x20</size>
         <input_file_ref idref="fl-6"/>
      </object_component>
      <object_component id="oc-1be">
         <name>.text:_ZN3Spi19SerialInterfaceInitEv</name>
         <load_address>0xa0f6</load_address>
         <run_address>0xa0f6</run_address>
         <size>0x1a</size>
         <input_file_ref idref="fl-9"/>
      </object_component>
      <object_component id="oc-38">
         <name>.text:_c_int00_noexit</name>
         <load_address>0xa110</load_address>
         <run_address>0xa110</run_address>
         <size>0x1a</size>
         <input_file_ref idref="fl-37"/>
      </object_component>
      <object_component id="oc-e8">
         <name>.text:_ZN6CC11018GpioInitEv</name>
         <load_address>0xa12a</load_address>
         <run_address>0xa12a</run_address>
         <size>0x18</size>
         <input_file_ref idref="fl-4"/>
      </object_component>
      <object_component id="oc-3cb">
         <name>.text:_ZN6CC11018ReadGdo2Ev</name>
         <load_address>0xa142</load_address>
         <run_address>0xa142</run_address>
         <size>0x18</size>
         <input_file_ref idref="fl-4"/>
      </object_component>
      <object_component id="oc-41f">
         <name>.text:_Z5Sleepj</name>
         <load_address>0xa15a</load_address>
         <run_address>0xa15a</run_address>
         <size>0x16</size>
         <input_file_ref idref="fl-6"/>
      </object_component>
      <object_component id="oc-1cd">
         <name>.text:_ZN3Spi23SerialInterfaceReadMisoEv</name>
         <load_address>0xa170</load_address>
         <run_address>0xa170</run_address>
         <size>0x16</size>
         <input_file_ref idref="fl-9"/>
      </object_component>
      <object_component id="oc-3d4">
         <name>.text:_ZN6CC11018ReadGdo0Ev</name>
         <load_address>0xa186</load_address>
         <run_address>0xa186</run_address>
         <size>0x16</size>
         <input_file_ref idref="fl-4"/>
      </object_component>
      <object_component id="oc-123">
         <name>.text:_ZN7Stc31058GpioInitEv</name>
         <load_address>0xa19c</load_address>
         <run_address>0xa19c</run_address>
         <size>0x16</size>
         <input_file_ref idref="fl-3"/>
      </object_component>
      <object_component id="oc-2aa">
         <name>.text:_ZN7SoftI2c7DelayMsEj</name>
         <load_address>0xa1b2</load_address>
         <run_address>0xa1b2</run_address>
         <size>0x14</size>
         <input_file_ref idref="fl-6"/>
      </object_component>
      <object_component id="oc-2b4">
         <name>.text:_ZN7SoftI2c7DelayUsEj</name>
         <load_address>0xa1c6</load_address>
         <run_address>0xa1c6</run_address>
         <size>0x14</size>
         <input_file_ref idref="fl-6"/>
      </object_component>
      <object_component id="oc-44">
         <name>.text:decompress:ZI:__TI_zero_init</name>
         <load_address>0xa1da</load_address>
         <run_address>0xa1da</run_address>
         <size>0x14</size>
         <input_file_ref idref="fl-3a"/>
      </object_component>
      <object_component id="oc-267">
         <name>.text:__mspabi_fixdu</name>
         <load_address>0xa1ee</load_address>
         <run_address>0xa1ee</run_address>
         <size>0x12</size>
         <input_file_ref idref="fl-3d"/>
      </object_component>
      <object_component id="oc-3e">
         <name>.text:decompress:none:__TI_decompress_none</name>
         <load_address>0xa200</load_address>
         <run_address>0xa200</run_address>
         <size>0x12</size>
         <input_file_ref idref="fl-38"/>
      </object_component>
      <object_component id="oc-413">
         <name>.text:l_lsr</name>
         <load_address>0xa212</load_address>
         <run_address>0xa212</run_address>
         <size>0x12</size>
         <input_file_ref idref="fl-4e"/>
      </object_component>
      <object_component id="oc-7e">
         <name>.text:memcpy</name>
         <load_address>0xa224</load_address>
         <run_address>0xa224</run_address>
         <size>0x12</size>
         <input_file_ref idref="fl-4f"/>
      </object_component>
      <object_component id="oc-d1">
         <name>.text:_ZN11AppProtocol4InitEv</name>
         <load_address>0xa236</load_address>
         <run_address>0xa236</run_address>
         <size>0x10</size>
         <input_file_ref idref="fl-2"/>
      </object_component>
      <object_component id="oc-b6">
         <name>.text</name>
         <load_address>0xa246</load_address>
         <run_address>0xa246</run_address>
         <size>0x10</size>
         <input_file_ref idref="fl-3b"/>
      </object_component>
      <object_component id="oc-221">
         <name>.text:_Z13Error_Handlerv</name>
         <load_address>0xa256</load_address>
         <run_address>0xa256</run_address>
         <size>0x6</size>
         <input_file_ref idref="fl-8"/>
      </object_component>
      <object_component id="oc-21b">
         <name>.text:_Z19AckReceived_Handlerv</name>
         <load_address>0xa25c</load_address>
         <run_address>0xa25c</run_address>
         <size>0x6</size>
         <input_file_ref idref="fl-8"/>
      </object_component>
      <object_component id="oc-22f">
         <name>.text:_Z7Standbyv</name>
         <load_address>0xa262</load_address>
         <run_address>0xa262</run_address>
         <size>0x6</size>
         <input_file_ref idref="fl-8"/>
      </object_component>
      <object_component id="oc-54">
         <name>.text:__TI_ISR_TRAP</name>
         <load_address>0xa268</load_address>
         <run_address>0xa268</run_address>
         <size>0x6</size>
         <input_file_ref idref="fl-4a"/>
      </object_component>
      <object_component id="oc-25b">
         <name>.text:__mspabi_fltud</name>
         <load_address>0xa26e</load_address>
         <run_address>0xa26e</run_address>
         <size>0x6</size>
         <input_file_ref idref="fl-3f"/>
      </object_component>
      <object_component id="oc-4a">
         <name>.text:decompress:rle24:__TI_decompress_rle24</name>
         <load_address>0xa274</load_address>
         <run_address>0xa274</run_address>
         <size>0x6</size>
         <input_file_ref idref="fl-39"/>
      </object_component>
      <object_component id="oc-65">
         <name>.text:_system_pre_init</name>
         <load_address>0xa27a</load_address>
         <run_address>0xa27a</run_address>
         <size>0x4</size>
         <input_file_ref idref="fl-52"/>
      </object_component>
      <object_component id="oc-77">
         <name>.text:abort</name>
         <load_address>0xa27e</load_address>
         <run_address>0xa27e</run_address>
         <size>0x4</size>
         <input_file_ref idref="fl-3c"/>
      </object_component>
      <object_component id="oc-253">
         <name>.text:_Z11BatteryDeadv</name>
         <load_address>0xa282</load_address>
         <run_address>0xa282</run_address>
         <size>0x2</size>
         <input_file_ref idref="fl-8"/>
      </object_component>
      <object_component id="oc-24d">
         <name>.text:_Z5Sleepv</name>
         <load_address>0xa284</load_address>
         <run_address>0xa284</run_address>
         <size>0x2</size>
         <input_file_ref idref="fl-8"/>
      </object_component>
      <object_component id="oc-477">
         <name>.cinit..data.load</name>
         <load_address>0xa330</load_address>
         <run_address>0xa330</run_address>
         <size>0x2a</size>
      </object_component>
      <object_component id="oc-474">
         <name>__TI_handler_table</name>
         <load_address>0xa35a</load_address>
         <run_address>0xa35a</run_address>
         <size>0x6</size>
      </object_component>
      <object_component id="oc-476">
         <name>.cinit..bss.load</name>
         <load_address>0xa360</load_address>
         <run_address>0xa360</run_address>
         <size>0x4</size>
      </object_component>
      <object_component id="oc-475">
         <name>__TI_cinit_table</name>
         <load_address>0xa364</load_address>
         <run_address>0xa364</run_address>
         <size>0x8</size>
      </object_component>
      <object_component id="oc-1ab">
         <name>.const:randdd</name>
         <load_address>0xa286</load_address>
         <run_address>0xa286</run_address>
         <size>0x64</size>
         <input_file_ref idref="fl-2"/>
      </object_component>
      <object_component id="oc-3c7">
         <name>.const</name>
         <load_address>0xa2ea</load_address>
         <run_address>0xa2ea</run_address>
         <size>0x23</size>
         <input_file_ref idref="fl-4"/>
      </object_component>
      <object_component id="oc-fd">
         <name>.const</name>
         <load_address>0xa30d</load_address>
         <run_address>0xa30d</run_address>
         <size>0x23</size>
         <input_file_ref idref="fl-8"/>
      </object_component>
      <object_component id="oc-2d">
         <name>.int02</name>
         <load_address>0xffe4</load_address>
         <run_address>0xffe4</run_address>
         <size>0x2</size>
         <input_file_ref idref="fl-41"/>
      </object_component>
      <object_component id="oc-2e">
         <name>.int03</name>
         <load_address>0xffe6</load_address>
         <run_address>0xffe6</run_address>
         <size>0x2</size>
         <input_file_ref idref="fl-7"/>
      </object_component>
      <object_component id="oc-2f">
         <name>.int05</name>
         <load_address>0xffea</load_address>
         <run_address>0xffea</run_address>
         <size>0x2</size>
         <input_file_ref idref="fl-42"/>
      </object_component>
      <object_component id="oc-30">
         <name>.int06</name>
         <load_address>0xffec</load_address>
         <run_address>0xffec</run_address>
         <size>0x2</size>
         <input_file_ref idref="fl-43"/>
      </object_component>
      <object_component id="oc-31">
         <name>.int07</name>
         <load_address>0xffee</load_address>
         <run_address>0xffee</run_address>
         <size>0x2</size>
         <input_file_ref idref="fl-44"/>
      </object_component>
      <object_component id="oc-32">
         <name>.int08</name>
         <load_address>0xfff0</load_address>
         <run_address>0xfff0</run_address>
         <size>0x2</size>
         <input_file_ref idref="fl-45"/>
      </object_component>
      <object_component id="oc-33">
         <name>.int09</name>
         <load_address>0xfff2</load_address>
         <run_address>0xfff2</run_address>
         <size>0x2</size>
         <input_file_ref idref="fl-7"/>
      </object_component>
      <object_component id="oc-34">
         <name>.int10</name>
         <load_address>0xfff4</load_address>
         <run_address>0xfff4</run_address>
         <size>0x2</size>
         <input_file_ref idref="fl-46"/>
      </object_component>
      <object_component id="oc-35">
         <name>.int12</name>
         <load_address>0xfff8</load_address>
         <run_address>0xfff8</run_address>
         <size>0x2</size>
         <input_file_ref idref="fl-47"/>
      </object_component>
      <object_component id="oc-36">
         <name>.int13</name>
         <load_address>0xfffa</load_address>
         <run_address>0xfffa</run_address>
         <size>0x2</size>
         <input_file_ref idref="fl-48"/>
      </object_component>
      <object_component id="oc-37">
         <name>.int14</name>
         <load_address>0xfffc</load_address>
         <run_address>0xfffc</run_address>
         <size>0x2</size>
         <input_file_ref idref="fl-49"/>
      </object_component>
      <object_component id="oc-53">
         <name>.reset</name>
         <load_address>0xfffe</load_address>
         <run_address>0xfffe</run_address>
         <size>0x2</size>
         <input_file_ref idref="fl-37"/>
      </object_component>
      <object_component id="oc-426">
         <name>.common:gv_uiSleepCnt</name>
         <uninitialized>true</uninitialized>
         <run_address>0x232</run_address>
         <size>0x2</size>
      </object_component>
      <object_component id="oc-374">
         <name>.common:radio</name>
         <uninitialized>true</uninitialized>
         <run_address>0x200</run_address>
         <size>0x1c</size>
      </object_component>
      <object_component id="oc-153">
         <name>.common:battery</name>
         <uninitialized>true</uninitialized>
         <run_address>0x22e</run_address>
         <size>0x3</size>
      </object_component>
      <object_component id="oc-36f">
         <name>.common:flash</name>
         <uninitialized>true</uninitialized>
         <run_address>0x231</run_address>
         <size>0x1</size>
      </object_component>
      <object_component id="oc-373">
         <name>.common:protocol</name>
         <uninitialized>true</uninitialized>
         <run_address>0x21c</run_address>
         <size>0x12</size>
      </object_component>
      <object_component id="oc-a7">
         <name>.data</name>
         <load_address>0x234</load_address>
         <run_address>0x234</run_address>
         <size>0x12</size>
         <input_file_ref idref="fl-8"/>
      </object_component>
      <object_component id="oc-13d">
         <name>.data:eventHandlers</name>
         <load_address>0x246</load_address>
         <run_address>0x246</run_address>
         <size>0x10</size>
         <input_file_ref idref="fl-8"/>
      </object_component>
      <object_component id="oc-140">
         <name>.data:stateProcessors</name>
         <load_address>0x256</load_address>
         <run_address>0x256</run_address>
         <size>0xe</size>
         <input_file_ref idref="fl-8"/>
      </object_component>
      <object_component id="oc-39">
         <name>.debug_info</name>
         <load_address>0x0</load_address>
         <run_address>0x0</run_address>
         <size>0x125</size>
         <input_file_ref idref="fl-37"/>
      </object_component>
      <object_component id="oc-40">
         <name>.debug_info</name>
         <load_address>0x125</load_address>
         <run_address>0x125</run_address>
         <size>0x194</size>
         <input_file_ref idref="fl-38"/>
      </object_component>
      <object_component id="oc-47">
         <name>.debug_info</name>
         <load_address>0x2b9</load_address>
         <run_address>0x2b9</run_address>
         <size>0x16a</size>
         <input_file_ref idref="fl-3a"/>
      </object_component>
      <object_component id="oc-4e">
         <name>.debug_info</name>
         <load_address>0x423</load_address>
         <run_address>0x423</run_address>
         <size>0x18e</size>
         <input_file_ref idref="fl-39"/>
      </object_component>
      <object_component id="oc-51">
         <name>.debug_info</name>
         <load_address>0x5b1</load_address>
         <run_address>0x5b1</run_address>
         <size>0xaa</size>
         <input_file_ref idref="fl-37"/>
      </object_component>
      <object_component id="oc-55">
         <name>.debug_info</name>
         <load_address>0x65b</load_address>
         <run_address>0x65b</run_address>
         <size>0xc2</size>
         <input_file_ref idref="fl-4a"/>
      </object_component>
      <object_component id="oc-5a">
         <name>.debug_info</name>
         <load_address>0x71d</load_address>
         <run_address>0x71d</run_address>
         <size>0x127</size>
         <input_file_ref idref="fl-7"/>
      </object_component>
      <object_component id="oc-60">
         <name>.debug_info</name>
         <load_address>0x844</load_address>
         <run_address>0x844</run_address>
         <size>0x12a</size>
         <input_file_ref idref="fl-7"/>
      </object_component>
      <object_component id="oc-67">
         <name>.debug_info</name>
         <load_address>0x96e</load_address>
         <run_address>0x96e</run_address>
         <size>0xfd</size>
         <input_file_ref idref="fl-52"/>
      </object_component>
      <object_component id="oc-6c">
         <name>.debug_info</name>
         <load_address>0xa6b</load_address>
         <run_address>0xa6b</run_address>
         <size>0x153</size>
         <input_file_ref idref="fl-56"/>
      </object_component>
      <object_component id="oc-72">
         <name>.debug_info</name>
         <load_address>0xbbe</load_address>
         <run_address>0xbbe</run_address>
         <size>0x3ea</size>
         <input_file_ref idref="fl-8"/>
      </object_component>
      <object_component id="oc-78">
         <name>.debug_info</name>
         <load_address>0xfa8</load_address>
         <run_address>0xfa8</run_address>
         <size>0xcc</size>
         <input_file_ref idref="fl-3c"/>
      </object_component>
      <object_component id="oc-7f">
         <name>.debug_info</name>
         <load_address>0x1074</load_address>
         <run_address>0x1074</run_address>
         <size>0x157</size>
         <input_file_ref idref="fl-4f"/>
      </object_component>
      <object_component id="oc-85">
         <name>.debug_info</name>
         <load_address>0x11cb</load_address>
         <run_address>0x11cb</run_address>
         <size>0x46</size>
         <input_file_ref idref="fl-38"/>
      </object_component>
      <object_component id="oc-8a">
         <name>.debug_info</name>
         <load_address>0x1211</load_address>
         <run_address>0x1211</run_address>
         <size>0x167</size>
         <input_file_ref idref="fl-38"/>
      </object_component>
      <object_component id="oc-8c">
         <name>.debug_info</name>
         <load_address>0x1378</load_address>
         <run_address>0x1378</run_address>
         <size>0x46</size>
         <input_file_ref idref="fl-3a"/>
      </object_component>
      <object_component id="oc-91">
         <name>.debug_info</name>
         <load_address>0x13be</load_address>
         <run_address>0x13be</run_address>
         <size>0x11f</size>
         <input_file_ref idref="fl-3a"/>
      </object_component>
      <object_component id="oc-95">
         <name>.debug_info</name>
         <load_address>0x14dd</load_address>
         <run_address>0x14dd</run_address>
         <size>0x1ef</size>
         <input_file_ref idref="fl-39"/>
      </object_component>
      <object_component id="oc-99">
         <name>.debug_info</name>
         <load_address>0x16cc</load_address>
         <run_address>0x16cc</run_address>
         <size>0x129</size>
         <input_file_ref idref="fl-39"/>
      </object_component>
      <object_component id="oc-9a">
         <name>.debug_info</name>
         <load_address>0x17f5</load_address>
         <run_address>0x17f5</run_address>
         <size>0x39</size>
         <input_file_ref idref="fl-39"/>
      </object_component>
      <object_component id="oc-a1">
         <name>.debug_info</name>
         <load_address>0x182e</load_address>
         <run_address>0x182e</run_address>
         <size>0x84</size>
         <input_file_ref idref="fl-2"/>
      </object_component>
      <object_component id="oc-a8">
         <name>.debug_info</name>
         <load_address>0x18b2</load_address>
         <run_address>0x18b2</run_address>
         <size>0x341</size>
         <input_file_ref idref="fl-8"/>
      </object_component>
      <object_component id="oc-ac">
         <name>.debug_info</name>
         <load_address>0x1bf3</load_address>
         <run_address>0x1bf3</run_address>
         <size>0xc72</size>
         <input_file_ref idref="fl-8"/>
      </object_component>
      <object_component id="oc-b7">
         <name>.debug_info</name>
         <load_address>0x2865</load_address>
         <run_address>0x2865</run_address>
         <size>0xe1</size>
         <input_file_ref idref="fl-3b"/>
      </object_component>
      <object_component id="oc-bc">
         <name>.debug_info</name>
         <load_address>0x2946</load_address>
         <run_address>0x2946</run_address>
         <size>0x2ba</size>
         <input_file_ref idref="fl-56"/>
      </object_component>
      <object_component id="oc-be">
         <name>.debug_info</name>
         <load_address>0x2c00</load_address>
         <run_address>0x2c00</run_address>
         <size>0x13b</size>
         <input_file_ref idref="fl-8"/>
      </object_component>
      <object_component id="oc-d2">
         <name>.debug_info</name>
         <load_address>0x2d3b</load_address>
         <run_address>0x2d3b</run_address>
         <size>0x154</size>
         <input_file_ref idref="fl-2"/>
      </object_component>
      <object_component id="oc-d9">
         <name>.debug_info</name>
         <load_address>0x2e8f</load_address>
         <run_address>0x2e8f</run_address>
         <size>0x183</size>
         <input_file_ref idref="fl-5"/>
      </object_component>
      <object_component id="oc-e9">
         <name>.debug_info</name>
         <load_address>0x3012</load_address>
         <run_address>0x3012</run_address>
         <size>0x16c</size>
         <input_file_ref idref="fl-4"/>
      </object_component>
      <object_component id="oc-f0">
         <name>.debug_info</name>
         <load_address>0x317e</load_address>
         <run_address>0x317e</run_address>
         <size>0x169</size>
         <input_file_ref idref="fl-4"/>
      </object_component>
      <object_component id="oc-f7">
         <name>.debug_info</name>
         <load_address>0x32e7</load_address>
         <run_address>0x32e7</run_address>
         <size>0x1b6</size>
         <input_file_ref idref="fl-4"/>
      </object_component>
      <object_component id="oc-fe">
         <name>.debug_info</name>
         <load_address>0x349d</load_address>
         <run_address>0x349d</run_address>
         <size>0xe3</size>
         <input_file_ref idref="fl-8"/>
      </object_component>
      <object_component id="oc-101">
         <name>.debug_info</name>
         <load_address>0x3580</load_address>
         <run_address>0x3580</run_address>
         <size>0x5b0</size>
         <input_file_ref idref="fl-4"/>
      </object_component>
      <object_component id="oc-108">
         <name>.debug_info</name>
         <load_address>0x3b30</load_address>
         <run_address>0x3b30</run_address>
         <size>0x1d8</size>
         <input_file_ref idref="fl-4"/>
      </object_component>
      <object_component id="oc-113">
         <name>.debug_info</name>
         <load_address>0x3d08</load_address>
         <run_address>0x3d08</run_address>
         <size>0x1d0</size>
         <input_file_ref idref="fl-4"/>
      </object_component>
      <object_component id="oc-11d">
         <name>.debug_info</name>
         <load_address>0x3ed8</load_address>
         <run_address>0x3ed8</run_address>
         <size>0x21e</size>
         <input_file_ref idref="fl-4"/>
      </object_component>
      <object_component id="oc-124">
         <name>.debug_info</name>
         <load_address>0x40f6</load_address>
         <run_address>0x40f6</run_address>
         <size>0x14b</size>
         <input_file_ref idref="fl-3"/>
      </object_component>
      <object_component id="oc-12b">
         <name>.debug_info</name>
         <load_address>0x4241</load_address>
         <run_address>0x4241</run_address>
         <size>0x1cd</size>
         <input_file_ref idref="fl-3"/>
      </object_component>
      <object_component id="oc-132">
         <name>.debug_info</name>
         <load_address>0x440e</load_address>
         <run_address>0x440e</run_address>
         <size>0x189</size>
         <input_file_ref idref="fl-3"/>
      </object_component>
      <object_component id="oc-138">
         <name>.debug_info</name>
         <load_address>0x4597</load_address>
         <run_address>0x4597</run_address>
         <size>0x11e</size>
         <input_file_ref idref="fl-8"/>
      </object_component>
      <object_component id="oc-13e">
         <name>.debug_info</name>
         <load_address>0x46b5</load_address>
         <run_address>0x46b5</run_address>
         <size>0xea</size>
         <input_file_ref idref="fl-8"/>
      </object_component>
      <object_component id="oc-141">
         <name>.debug_info</name>
         <load_address>0x479f</load_address>
         <run_address>0x479f</run_address>
         <size>0xee</size>
         <input_file_ref idref="fl-8"/>
      </object_component>
      <object_component id="oc-147">
         <name>.debug_info</name>
         <load_address>0x488d</load_address>
         <run_address>0x488d</run_address>
         <size>0x1c9</size>
         <input_file_ref idref="fl-3"/>
      </object_component>
      <object_component id="oc-14e">
         <name>.debug_info</name>
         <load_address>0x4a56</load_address>
         <run_address>0x4a56</run_address>
         <size>0x18a</size>
         <input_file_ref idref="fl-2"/>
      </object_component>
      <object_component id="oc-156">
         <name>.debug_info</name>
         <load_address>0x4be0</load_address>
         <run_address>0x4be0</run_address>
         <size>0x18b</size>
         <input_file_ref idref="fl-2"/>
      </object_component>
      <object_component id="oc-15d">
         <name>.debug_info</name>
         <load_address>0x4d6b</load_address>
         <run_address>0x4d6b</run_address>
         <size>0x127</size>
         <input_file_ref idref="fl-4f"/>
      </object_component>
      <object_component id="oc-15e">
         <name>.debug_info</name>
         <load_address>0x4e92</load_address>
         <run_address>0x4e92</run_address>
         <size>0x2c</size>
         <input_file_ref idref="fl-3a"/>
      </object_component>
      <object_component id="oc-163">
         <name>.debug_info</name>
         <load_address>0x4ebe</load_address>
         <run_address>0x4ebe</run_address>
         <size>0x2c</size>
         <input_file_ref idref="fl-38"/>
      </object_component>
      <object_component id="oc-173">
         <name>.debug_info</name>
         <load_address>0x4eea</load_address>
         <run_address>0x4eea</run_address>
         <size>0x1a2</size>
         <input_file_ref idref="fl-2"/>
      </object_component>
      <object_component id="oc-178">
         <name>.debug_info</name>
         <load_address>0x508c</load_address>
         <run_address>0x508c</run_address>
         <size>0x5c0</size>
         <input_file_ref idref="fl-2"/>
      </object_component>
      <object_component id="oc-17d">
         <name>.debug_info</name>
         <load_address>0x564c</load_address>
         <run_address>0x564c</run_address>
         <size>0xcb</size>
         <input_file_ref idref="fl-2"/>
      </object_component>
      <object_component id="oc-182">
         <name>.debug_info</name>
         <load_address>0x5717</load_address>
         <run_address>0x5717</run_address>
         <size>0x108</size>
         <input_file_ref idref="fl-2"/>
      </object_component>
      <object_component id="oc-187">
         <name>.debug_info</name>
         <load_address>0x581f</load_address>
         <run_address>0x581f</run_address>
         <size>0x99</size>
         <input_file_ref idref="fl-2"/>
      </object_component>
      <object_component id="oc-18c">
         <name>.debug_info</name>
         <load_address>0x58b8</load_address>
         <run_address>0x58b8</run_address>
         <size>0x1a4</size>
         <input_file_ref idref="fl-2"/>
      </object_component>
      <object_component id="oc-191">
         <name>.debug_info</name>
         <load_address>0x5a5c</load_address>
         <run_address>0x5a5c</run_address>
         <size>0x8b</size>
         <input_file_ref idref="fl-2"/>
      </object_component>
      <object_component id="oc-199">
         <name>.debug_info</name>
         <load_address>0x5ae7</load_address>
         <run_address>0x5ae7</run_address>
         <size>0x39</size>
         <input_file_ref idref="fl-56"/>
      </object_component>
      <object_component id="oc-19f">
         <name>.debug_info</name>
         <load_address>0x5b20</load_address>
         <run_address>0x5b20</run_address>
         <size>0x115</size>
         <input_file_ref idref="fl-8"/>
      </object_component>
      <object_component id="oc-1a5">
         <name>.debug_info</name>
         <load_address>0x5c35</load_address>
         <run_address>0x5c35</run_address>
         <size>0x11c</size>
         <input_file_ref idref="fl-8"/>
      </object_component>
      <object_component id="oc-1ac">
         <name>.debug_info</name>
         <load_address>0x5d51</load_address>
         <run_address>0x5d51</run_address>
         <size>0xe2</size>
         <input_file_ref idref="fl-2"/>
      </object_component>
      <object_component id="oc-1af">
         <name>.debug_info</name>
         <load_address>0x5e33</load_address>
         <run_address>0x5e33</run_address>
         <size>0x4a9</size>
         <input_file_ref idref="fl-2"/>
      </object_component>
      <object_component id="oc-1b2">
         <name>.debug_info</name>
         <load_address>0x62dc</load_address>
         <run_address>0x62dc</run_address>
         <size>0xcb</size>
         <input_file_ref idref="fl-5"/>
      </object_component>
      <object_component id="oc-1b7">
         <name>.debug_info</name>
         <load_address>0x63a7</load_address>
         <run_address>0x63a7</run_address>
         <size>0x21f</size>
         <input_file_ref idref="fl-5"/>
      </object_component>
      <object_component id="oc-1b9">
         <name>.debug_info</name>
         <load_address>0x65c6</load_address>
         <run_address>0x65c6</run_address>
         <size>0x6d</size>
         <input_file_ref idref="fl-3"/>
      </object_component>
      <object_component id="oc-1bf">
         <name>.debug_info</name>
         <load_address>0x6633</load_address>
         <run_address>0x6633</run_address>
         <size>0x152</size>
         <input_file_ref idref="fl-9"/>
      </object_component>
      <object_component id="oc-1c5">
         <name>.debug_info</name>
         <load_address>0x6785</load_address>
         <run_address>0x6785</run_address>
         <size>0x5c0</size>
         <input_file_ref idref="fl-4"/>
      </object_component>
      <object_component id="oc-1ca">
         <name>.debug_info</name>
         <load_address>0x6d45</load_address>
         <run_address>0x6d45</run_address>
         <size>0x4d0</size>
         <input_file_ref idref="fl-4"/>
      </object_component>
      <object_component id="oc-1ce">
         <name>.debug_info</name>
         <load_address>0x7215</load_address>
         <run_address>0x7215</run_address>
         <size>0x15a</size>
         <input_file_ref idref="fl-9"/>
      </object_component>
      <object_component id="oc-1d4">
         <name>.debug_info</name>
         <load_address>0x736f</load_address>
         <run_address>0x736f</run_address>
         <size>0x197</size>
         <input_file_ref idref="fl-9"/>
      </object_component>
      <object_component id="oc-1e0">
         <name>.debug_info</name>
         <load_address>0x7506</load_address>
         <run_address>0x7506</run_address>
         <size>0x235</size>
         <input_file_ref idref="fl-4"/>
      </object_component>
      <object_component id="oc-1e7">
         <name>.debug_info</name>
         <load_address>0x773b</load_address>
         <run_address>0x773b</run_address>
         <size>0x1a4</size>
         <input_file_ref idref="fl-3"/>
      </object_component>
      <object_component id="oc-1ec">
         <name>.debug_info</name>
         <load_address>0x78df</load_address>
         <run_address>0x78df</run_address>
         <size>0x2da</size>
         <input_file_ref idref="fl-3"/>
      </object_component>
      <object_component id="oc-1ef">
         <name>.debug_info</name>
         <load_address>0x7bb9</load_address>
         <run_address>0x7bb9</run_address>
         <size>0x270</size>
         <input_file_ref idref="fl-6"/>
      </object_component>
      <object_component id="oc-1f5">
         <name>.debug_info</name>
         <load_address>0x7e29</load_address>
         <run_address>0x7e29</run_address>
         <size>0x2d6</size>
         <input_file_ref idref="fl-6"/>
      </object_component>
      <object_component id="oc-1fe">
         <name>.debug_info</name>
         <load_address>0x80ff</load_address>
         <run_address>0x80ff</run_address>
         <size>0x12f</size>
         <input_file_ref idref="fl-8"/>
      </object_component>
      <object_component id="oc-204">
         <name>.debug_info</name>
         <load_address>0x822e</load_address>
         <run_address>0x822e</run_address>
         <size>0x12f</size>
         <input_file_ref idref="fl-8"/>
      </object_component>
      <object_component id="oc-20a">
         <name>.debug_info</name>
         <load_address>0x835d</load_address>
         <run_address>0x835d</run_address>
         <size>0x132</size>
         <input_file_ref idref="fl-8"/>
      </object_component>
      <object_component id="oc-210">
         <name>.debug_info</name>
         <load_address>0x848f</load_address>
         <run_address>0x848f</run_address>
         <size>0x134</size>
         <input_file_ref idref="fl-8"/>
      </object_component>
      <object_component id="oc-216">
         <name>.debug_info</name>
         <load_address>0x85c3</load_address>
         <run_address>0x85c3</run_address>
         <size>0x1a7</size>
         <input_file_ref idref="fl-8"/>
      </object_component>
      <object_component id="oc-21c">
         <name>.debug_info</name>
         <load_address>0x876a</load_address>
         <run_address>0x876a</run_address>
         <size>0x12c</size>
         <input_file_ref idref="fl-8"/>
      </object_component>
      <object_component id="oc-222">
         <name>.debug_info</name>
         <load_address>0x8896</load_address>
         <run_address>0x8896</run_address>
         <size>0x120</size>
         <input_file_ref idref="fl-8"/>
      </object_component>
      <object_component id="oc-228">
         <name>.debug_info</name>
         <load_address>0x89b6</load_address>
         <run_address>0x89b6</run_address>
         <size>0x19a</size>
         <input_file_ref idref="fl-8"/>
      </object_component>
      <object_component id="oc-230">
         <name>.debug_info</name>
         <load_address>0x8b50</load_address>
         <run_address>0x8b50</run_address>
         <size>0x113</size>
         <input_file_ref idref="fl-8"/>
      </object_component>
      <object_component id="oc-236">
         <name>.debug_info</name>
         <load_address>0x8c63</load_address>
         <run_address>0x8c63</run_address>
         <size>0x18c</size>
         <input_file_ref idref="fl-8"/>
      </object_component>
      <object_component id="oc-23c">
         <name>.debug_info</name>
         <load_address>0x8def</load_address>
         <run_address>0x8def</run_address>
         <size>0x15e</size>
         <input_file_ref idref="fl-8"/>
      </object_component>
      <object_component id="oc-242">
         <name>.debug_info</name>
         <load_address>0x8f4d</load_address>
         <run_address>0x8f4d</run_address>
         <size>0x173</size>
         <input_file_ref idref="fl-8"/>
      </object_component>
      <object_component id="oc-248">
         <name>.debug_info</name>
         <load_address>0x90c0</load_address>
         <run_address>0x90c0</run_address>
         <size>0x2a6</size>
         <input_file_ref idref="fl-8"/>
      </object_component>
      <object_component id="oc-24e">
         <name>.debug_info</name>
         <load_address>0x9366</load_address>
         <run_address>0x9366</run_address>
         <size>0x10f</size>
         <input_file_ref idref="fl-8"/>
      </object_component>
      <object_component id="oc-254">
         <name>.debug_info</name>
         <load_address>0x9475</load_address>
         <run_address>0x9475</run_address>
         <size>0x11c</size>
         <input_file_ref idref="fl-8"/>
      </object_component>
      <object_component id="oc-25f">
         <name>.debug_info</name>
         <load_address>0x9591</load_address>
         <run_address>0x9591</run_address>
         <size>0x11b</size>
         <input_file_ref idref="fl-3f"/>
      </object_component>
      <object_component id="oc-262">
         <name>.debug_info</name>
         <load_address>0x96ac</load_address>
         <run_address>0x96ac</run_address>
         <size>0x280</size>
         <input_file_ref idref="fl-51"/>
      </object_component>
      <object_component id="oc-269">
         <name>.debug_info</name>
         <load_address>0x992c</load_address>
         <run_address>0x992c</run_address>
         <size>0x120</size>
         <input_file_ref idref="fl-3d"/>
      </object_component>
      <object_component id="oc-27a">
         <name>.debug_info</name>
         <load_address>0x9a4c</load_address>
         <run_address>0x9a4c</run_address>
         <size>0x99</size>
         <input_file_ref idref="fl-4"/>
      </object_component>
      <object_component id="oc-27f">
         <name>.debug_info</name>
         <load_address>0x9ae5</load_address>
         <run_address>0x9ae5</run_address>
         <size>0x220</size>
         <input_file_ref idref="fl-9"/>
      </object_component>
      <object_component id="oc-283">
         <name>.debug_info</name>
         <load_address>0x9d05</load_address>
         <run_address>0x9d05</run_address>
         <size>0x165</size>
         <input_file_ref idref="fl-4"/>
      </object_component>
      <object_component id="oc-28b">
         <name>.debug_info</name>
         <load_address>0x9e6a</load_address>
         <run_address>0x9e6a</run_address>
         <size>0x17b</size>
         <input_file_ref idref="fl-9"/>
      </object_component>
      <object_component id="oc-291">
         <name>.debug_info</name>
         <load_address>0x9fe5</load_address>
         <run_address>0x9fe5</run_address>
         <size>0x108</size>
         <input_file_ref idref="fl-3"/>
      </object_component>
      <object_component id="oc-299">
         <name>.debug_info</name>
         <load_address>0xa0ed</load_address>
         <run_address>0xa0ed</run_address>
         <size>0x171</size>
         <input_file_ref idref="fl-6"/>
      </object_component>
      <object_component id="oc-29f">
         <name>.debug_info</name>
         <load_address>0xa25e</load_address>
         <run_address>0xa25e</run_address>
         <size>0x1fb</size>
         <input_file_ref idref="fl-6"/>
      </object_component>
      <object_component id="oc-2a5">
         <name>.debug_info</name>
         <load_address>0xa459</load_address>
         <run_address>0xa459</run_address>
         <size>0x16f</size>
         <input_file_ref idref="fl-6"/>
      </object_component>
      <object_component id="oc-2ab">
         <name>.debug_info</name>
         <load_address>0xa5c8</load_address>
         <run_address>0xa5c8</run_address>
         <size>0x176</size>
         <input_file_ref idref="fl-6"/>
      </object_component>
      <object_component id="oc-2b1">
         <name>.debug_info</name>
         <load_address>0xa73e</load_address>
         <run_address>0xa73e</run_address>
         <size>0x32a</size>
         <input_file_ref idref="fl-6"/>
      </object_component>
      <object_component id="oc-2b5">
         <name>.debug_info</name>
         <load_address>0xaa68</load_address>
         <run_address>0xaa68</run_address>
         <size>0x176</size>
         <input_file_ref idref="fl-6"/>
      </object_component>
      <object_component id="oc-2bb">
         <name>.debug_info</name>
         <load_address>0xabde</load_address>
         <run_address>0xabde</run_address>
         <size>0x224</size>
         <input_file_ref idref="fl-6"/>
      </object_component>
      <object_component id="oc-2f2">
         <name>.debug_info</name>
         <load_address>0xae02</load_address>
         <run_address>0xae02</run_address>
         <size>0x278</size>
         <input_file_ref idref="fl-4"/>
      </object_component>
      <object_component id="oc-30f">
         <name>.debug_info</name>
         <load_address>0xb07a</load_address>
         <run_address>0xb07a</run_address>
         <size>0x203</size>
         <input_file_ref idref="fl-4"/>
      </object_component>
      <object_component id="oc-316">
         <name>.debug_info</name>
         <load_address>0xb27d</load_address>
         <run_address>0xb27d</run_address>
         <size>0x16f</size>
         <input_file_ref idref="fl-2"/>
      </object_component>
      <object_component id="oc-31e">
         <name>.debug_info</name>
         <load_address>0xb3ec</load_address>
         <run_address>0xb3ec</run_address>
         <size>0x1aa</size>
         <input_file_ref idref="fl-2"/>
      </object_component>
      <object_component id="oc-329">
         <name>.debug_info</name>
         <load_address>0xb596</load_address>
         <run_address>0xb596</run_address>
         <size>0x2f4</size>
         <input_file_ref idref="fl-4"/>
      </object_component>
      <object_component id="oc-34c">
         <name>.debug_info</name>
         <load_address>0xb88a</load_address>
         <run_address>0xb88a</run_address>
         <size>0x1e3</size>
         <input_file_ref idref="fl-4"/>
      </object_component>
      <object_component id="oc-362">
         <name>.debug_info</name>
         <load_address>0xba6d</load_address>
         <run_address>0xba6d</run_address>
         <size>0x19d</size>
         <input_file_ref idref="fl-5"/>
      </object_component>
      <object_component id="oc-36a">
         <name>.debug_info</name>
         <load_address>0xbc0a</load_address>
         <run_address>0xbc0a</run_address>
         <size>0x1bb</size>
         <input_file_ref idref="fl-5"/>
      </object_component>
      <object_component id="oc-37c">
         <name>.debug_info</name>
         <load_address>0xbdc5</load_address>
         <run_address>0xbdc5</run_address>
         <size>0x1a9</size>
         <input_file_ref idref="fl-40"/>
      </object_component>
      <object_component id="oc-37f">
         <name>.debug_info</name>
         <load_address>0xbf6e</load_address>
         <run_address>0xbf6e</run_address>
         <size>0x185</size>
         <input_file_ref idref="fl-3f"/>
      </object_component>
      <object_component id="oc-382">
         <name>.debug_info</name>
         <load_address>0xc0f3</load_address>
         <run_address>0xc0f3</run_address>
         <size>0xd3</size>
         <input_file_ref idref="fl-55"/>
      </object_component>
      <object_component id="oc-386">
         <name>.debug_info</name>
         <load_address>0xc1c6</load_address>
         <run_address>0xc1c6</run_address>
         <size>0x381</size>
         <input_file_ref idref="fl-57"/>
      </object_component>
      <object_component id="oc-38c">
         <name>.debug_info</name>
         <load_address>0xc547</load_address>
         <run_address>0xc547</run_address>
         <size>0xd3</size>
         <input_file_ref idref="fl-4b"/>
      </object_component>
      <object_component id="oc-391">
         <name>.debug_info</name>
         <load_address>0xc61a</load_address>
         <run_address>0xc61a</run_address>
         <size>0x1c2</size>
         <input_file_ref idref="fl-51"/>
      </object_component>
      <object_component id="oc-392">
         <name>.debug_info</name>
         <load_address>0xc7dc</load_address>
         <run_address>0xc7dc</run_address>
         <size>0x94</size>
         <input_file_ref idref="fl-3e"/>
      </object_component>
      <object_component id="oc-398">
         <name>.debug_info</name>
         <load_address>0xc870</load_address>
         <run_address>0xc870</run_address>
         <size>0x198</size>
         <input_file_ref idref="fl-3e"/>
      </object_component>
      <object_component id="oc-39e">
         <name>.debug_info</name>
         <load_address>0xca08</load_address>
         <run_address>0xca08</run_address>
         <size>0x185</size>
         <input_file_ref idref="fl-3d"/>
      </object_component>
      <object_component id="oc-3a1">
         <name>.debug_info</name>
         <load_address>0xcb8d</load_address>
         <run_address>0xcb8d</run_address>
         <size>0x2c</size>
         <input_file_ref idref="fl-4"/>
      </object_component>
      <object_component id="oc-3a9">
         <name>.debug_info</name>
         <load_address>0xcbb9</load_address>
         <run_address>0xcbb9</run_address>
         <size>0x173</size>
         <input_file_ref idref="fl-6"/>
      </object_component>
      <object_component id="oc-3b1">
         <name>.debug_info</name>
         <load_address>0xcd2c</load_address>
         <run_address>0xcd2c</run_address>
         <size>0x14c</size>
         <input_file_ref idref="fl-6"/>
      </object_component>
      <object_component id="oc-3ba">
         <name>.debug_info</name>
         <load_address>0xce78</load_address>
         <run_address>0xce78</run_address>
         <size>0x17c</size>
         <input_file_ref idref="fl-6"/>
      </object_component>
      <object_component id="oc-3c1">
         <name>.debug_info</name>
         <load_address>0xcff4</load_address>
         <run_address>0xcff4</run_address>
         <size>0x1ab</size>
         <input_file_ref idref="fl-6"/>
      </object_component>
      <object_component id="oc-3c8">
         <name>.debug_info</name>
         <load_address>0xd19f</load_address>
         <run_address>0xd19f</run_address>
         <size>0xe5</size>
         <input_file_ref idref="fl-4"/>
      </object_component>
      <object_component id="oc-3cc">
         <name>.debug_info</name>
         <load_address>0xd284</load_address>
         <run_address>0xd284</run_address>
         <size>0x147</size>
         <input_file_ref idref="fl-4"/>
      </object_component>
      <object_component id="oc-3d5">
         <name>.debug_info</name>
         <load_address>0xd3cb</load_address>
         <run_address>0xd3cb</run_address>
         <size>0x147</size>
         <input_file_ref idref="fl-4"/>
      </object_component>
      <object_component id="oc-3db">
         <name>.debug_info</name>
         <load_address>0xd512</load_address>
         <run_address>0xd512</run_address>
         <size>0x23c</size>
         <input_file_ref idref="fl-4"/>
      </object_component>
      <object_component id="oc-3e1">
         <name>.debug_info</name>
         <load_address>0xd74e</load_address>
         <run_address>0xd74e</run_address>
         <size>0x28f</size>
         <input_file_ref idref="fl-4"/>
      </object_component>
      <object_component id="oc-3e8">
         <name>.debug_info</name>
         <load_address>0xd9dd</load_address>
         <run_address>0xd9dd</run_address>
         <size>0x21c</size>
         <input_file_ref idref="fl-4"/>
      </object_component>
      <object_component id="oc-3f1">
         <name>.debug_info</name>
         <load_address>0xdbf9</load_address>
         <run_address>0xdbf9</run_address>
         <size>0xd9</size>
         <input_file_ref idref="fl-4c"/>
      </object_component>
      <object_component id="oc-3f6">
         <name>.debug_info</name>
         <load_address>0xdcd2</load_address>
         <run_address>0xdcd2</run_address>
         <size>0xd9</size>
         <input_file_ref idref="fl-4e"/>
      </object_component>
      <object_component id="oc-3fb">
         <name>.debug_info</name>
         <load_address>0xddab</load_address>
         <run_address>0xddab</run_address>
         <size>0x186</size>
         <input_file_ref idref="fl-40"/>
      </object_component>
      <object_component id="oc-401">
         <name>.debug_info</name>
         <load_address>0xdf31</load_address>
         <run_address>0xdf31</run_address>
         <size>0xd4</size>
         <input_file_ref idref="fl-58"/>
      </object_component>
      <object_component id="oc-405">
         <name>.debug_info</name>
         <load_address>0xe005</load_address>
         <run_address>0xe005</run_address>
         <size>0xd9</size>
         <input_file_ref idref="fl-59"/>
      </object_component>
      <object_component id="oc-40a">
         <name>.debug_info</name>
         <load_address>0xe0de</load_address>
         <run_address>0xe0de</run_address>
         <size>0x1a9</size>
         <input_file_ref idref="fl-57"/>
      </object_component>
      <object_component id="oc-40f">
         <name>.debug_info</name>
         <load_address>0xe287</load_address>
         <run_address>0xe287</run_address>
         <size>0xd3</size>
         <input_file_ref idref="fl-4d"/>
      </object_component>
      <object_component id="oc-414">
         <name>.debug_info</name>
         <load_address>0xe35a</load_address>
         <run_address>0xe35a</run_address>
         <size>0xd3</size>
         <input_file_ref idref="fl-4e"/>
      </object_component>
      <object_component id="oc-419">
         <name>.debug_info</name>
         <load_address>0xe42d</load_address>
         <run_address>0xe42d</run_address>
         <size>0x186</size>
         <input_file_ref idref="fl-3e"/>
      </object_component>
      <object_component id="oc-420">
         <name>.debug_info</name>
         <load_address>0xe5b3</load_address>
         <run_address>0xe5b3</run_address>
         <size>0x138</size>
         <input_file_ref idref="fl-6"/>
      </object_component>
      <object_component id="oc-479">
         <name>.debug_info</name>
         <load_address>0xe6eb</load_address>
         <run_address>0xe6eb</run_address>
         <size>0xb4</size>
      </object_component>
      <object_component id="oc-3a">
         <name>.debug_pubnames</name>
         <load_address>0x0</load_address>
         <run_address>0x0</run_address>
         <size>0x26</size>
         <input_file_ref idref="fl-37"/>
      </object_component>
      <object_component id="oc-41">
         <name>.debug_pubnames</name>
         <load_address>0x26</load_address>
         <run_address>0x26</run_address>
         <size>0x2b</size>
         <input_file_ref idref="fl-38"/>
      </object_component>
      <object_component id="oc-49">
         <name>.debug_pubnames</name>
         <load_address>0x51</load_address>
         <run_address>0x51</run_address>
         <size>0x25</size>
         <input_file_ref idref="fl-3a"/>
      </object_component>
      <object_component id="oc-4f">
         <name>.debug_pubnames</name>
         <load_address>0x76</load_address>
         <run_address>0x76</run_address>
         <size>0x2c</size>
         <input_file_ref idref="fl-39"/>
      </object_component>
      <object_component id="oc-52">
         <name>.debug_pubnames</name>
         <load_address>0xa2</load_address>
         <run_address>0xa2</run_address>
         <size>0x1d</size>
         <input_file_ref idref="fl-37"/>
      </object_component>
      <object_component id="oc-57">
         <name>.debug_pubnames</name>
         <load_address>0xbf</load_address>
         <run_address>0xbf</run_address>
         <size>0x2b</size>
         <input_file_ref idref="fl-4a"/>
      </object_component>
      <object_component id="oc-5c">
         <name>.debug_pubnames</name>
         <load_address>0xea</load_address>
         <run_address>0xea</run_address>
         <size>0x20</size>
         <input_file_ref idref="fl-7"/>
      </object_component>
      <object_component id="oc-62">
         <name>.debug_pubnames</name>
         <load_address>0x10a</load_address>
         <run_address>0x10a</run_address>
         <size>0x21</size>
         <input_file_ref idref="fl-7"/>
      </object_component>
      <object_component id="oc-68">
         <name>.debug_pubnames</name>
         <load_address>0x12b</load_address>
         <run_address>0x12b</run_address>
         <size>0x27</size>
         <input_file_ref idref="fl-52"/>
      </object_component>
      <object_component id="oc-6e">
         <name>.debug_pubnames</name>
         <load_address>0x152</load_address>
         <run_address>0x152</run_address>
         <size>0x21</size>
         <input_file_ref idref="fl-56"/>
      </object_component>
      <object_component id="oc-74">
         <name>.debug_pubnames</name>
         <load_address>0x173</load_address>
         <run_address>0x173</run_address>
         <size>0x1b</size>
         <input_file_ref idref="fl-8"/>
[...]
      <symbol id="sm-465">
         <name>__mspabi_func_epilog_3</name>
         <value>0xa24e</value>
         <object_component_ref idref="oc-b6"/>
      </symbol>
      <symbol id="sm-466">
         <name>__mspabi_func_epilog_1</name>
         <value>0xa252</value>
         <object_component_ref idref="oc-b6"/>
      </symbol>
      <symbol id="sm-467">
         <name>__mspabi_func_epilog_6</name>
         <value>0xa248</value>
         <object_component_ref idref="oc-b6"/>
      </symbol>
      <symbol id="sm-468">
         <name>__mspabi_func_epilog_7</name>
         <value>0xa246</value>
         <object_component_ref idref="oc-b6"/>
      </symbol>
      <symbol id="sm-469">
         <name>__mspabi_func_epilog_4</name>
         <value>0xa24c</value>
         <object_component_ref idref="oc-b6"/>
      </symbol>
      <symbol id="sm-46a">
         <name>__mspabi_func_epilog_5</name>
         <value>0xa24a</value>
         <object_component_ref idref="oc-b6"/>
      </symbol>
      <symbol id="sm-474">
         <name>C$$EXIT</name>
         <value>0xa27e</value>
         <object_component_ref idref="oc-77"/>
      </symbol>
      <symbol id="sm-475">
         <name>abort</name>
         <value>0xa27e</value>
         <object_component_ref idref="oc-77"/>
      </symbol>
      <symbol id="sm-483">
         <name>__mspabi_fixdu</name>
         <value>0xa1ee</value>
         <object_component_ref idref="oc-267"/>
      </symbol>
      <symbol id="sm-49b">
         <name>__mspabi_fixdul</name>
         <value>0x93c4</value>
         <object_component_ref idref="oc-397"/>
      </symbol>
      <symbol id="sm-4a7">
         <name>__mspabi_fltud</name>
         <value>0xa26e</value>
         <object_component_ref idref="oc-25b"/>
      </symbol>
      <symbol id="sm-4bc">
         <name>__mspabi_fltuld</name>
         <value>0x9062</value>
         <object_component_ref idref="oc-378"/>
      </symbol>
      <symbol id="sm-4bf">
         <name>__TI_int02</name>
         <value>0xffe4</value>
         <object_component_ref idref="oc-2d"/>
      </symbol>
      <symbol id="sm-4c2">
         <name>__TI_int05</name>
         <value>0xffea</value>
         <object_component_ref idref="oc-2f"/>
      </symbol>
      <symbol id="sm-4c5">
         <name>__TI_int06</name>
         <value>0xffec</value>
         <object_component_ref idref="oc-30"/>
      </symbol>
      <symbol id="sm-4c8">
         <name>__TI_int07</name>
         <value>0xffee</value>
         <object_component_ref idref="oc-31"/>
      </symbol>
      <symbol id="sm-4cb">
         <name>__TI_int08</name>
         <value>0xfff0</value>
         <object_component_ref idref="oc-32"/>
      </symbol>
      <symbol id="sm-4ce">
         <name>__TI_int10</name>
         <value>0xfff4</value>
         <object_component_ref idref="oc-34"/>
      </symbol>
      <symbol id="sm-4d1">
         <name>__TI_int12</name>
         <value>0xfff8</value>
         <object_component_ref idref="oc-35"/>
      </symbol>
      <symbol id="sm-4d4">
         <name>__TI_int13</name>
         <value>0xfffa</value>
         <object_component_ref idref="oc-36"/>
      </symbol>
      <symbol id="sm-4d7">
         <name>__TI_int14</name>
         <value>0xfffc</value>
         <object_component_ref idref="oc-37"/>
      </symbol>
      <symbol id="sm-4df">
         <name>__TI_ISR_TRAP</name>
         <value>0xa268</value>
         <object_component_ref idref="oc-54"/>
      </symbol>
      <symbol id="sm-4e7">
         <name>__mspabi_slli</name>
         <value>0x9f94</value>
         <object_component_ref idref="oc-38b"/>
      </symbol>
      <symbol id="sm-4e8">
         <name>__mspabi_slli_9</name>
         <value>0x9fac</value>
         <object_component_ref idref="oc-38b"/>
      </symbol>
      <symbol id="sm-4e9">
         <name>__mspabi_slli_8</name>
         <value>0x9fae</value>
         <object_component_ref idref="oc-38b"/>
      </symbol>
      <symbol id="sm-4ea">
         <name>__mspabi_slli_7</name>
         <value>0x9fb0</value>
         <object_component_ref idref="oc-38b"/>
      </symbol>
      <symbol id="sm-4eb">
         <name>__mspabi_slli_6</name>
         <value>0x9fb2</value>
         <object_component_ref idref="oc-38b"/>
      </symbol>
      <symbol id="sm-4ec">
         <name>__mspabi_slli_5</name>
         <value>0x9fb4</value>
         <object_component_ref idref="oc-38b"/>
      </symbol>
      <symbol id="sm-4ed">
         <name>__mspabi_slli_4</name>
         <value>0x9fb6</value>
         <object_component_ref idref="oc-38b"/>
      </symbol>
      <symbol id="sm-4ee">
         <name>__mspabi_slli_3</name>
         <value>0x9fb8</value>
         <object_component_ref idref="oc-38b"/>
      </symbol>
      <symbol id="sm-4ef">
         <name>__mspabi_slli_2</name>
         <value>0x9fba</value>
         <object_component_ref idref="oc-38b"/>
      </symbol>
      <symbol id="sm-4f0">
         <name>__mspabi_slli_1</name>
         <value>0x9fbc</value>
         <object_component_ref idref="oc-38b"/>
      </symbol>
      <symbol id="sm-4f1">
         <name>__mspabi_slli_15</name>
         <value>0x9fa0</value>
         <object_component_ref idref="oc-38b"/>
      </symbol>
      <symbol id="sm-4f2">
         <name>__mspabi_slli_14</name>
         <value>0x9fa2</value>
         <object_component_ref idref="oc-38b"/>
      </symbol>
      <symbol id="sm-4f3">
         <name>__mspabi_slli_13</name>
         <value>0x9fa4</value>
         <object_component_ref idref="oc-38b"/>
      </symbol>
      <symbol id="sm-4f4">
         <name>__mspabi_slli_12</name>
         <value>0x9fa6</value>
         <object_component_ref idref="oc-38b"/>
      </symbol>
      <symbol id="sm-4f5">
         <name>__mspabi_slli_11</name>
         <value>0x9fa8</value>
         <object_component_ref idref="oc-38b"/>
      </symbol>
      <symbol id="sm-4f6">
         <name>__mspabi_slli_10</name>
         <value>0x9faa</value>
         <object_component_ref idref="oc-38b"/>
      </symbol>
      <symbol id="sm-4fe">
         <name>__mspabi_slll_9</name>
         <value>0x9e44</value>
         <object_component_ref idref="oc-3f0"/>
      </symbol>
      <symbol id="sm-4ff">
         <name>__mspabi_slll_8</name>
         <value>0x9e48</value>
         <object_component_ref idref="oc-3f0"/>
      </symbol>
      <symbol id="sm-500">
         <name>__mspabi_slll_7</name>
         <value>0x9e4c</value>
         <object_component_ref idref="oc-3f0"/>
      </symbol>
      <symbol id="sm-501">
         <name>__mspabi_slll_6</name>
         <value>0x9e50</value>
         <object_component_ref idref="oc-3f0"/>
      </symbol>
      <symbol id="sm-502">
         <name>__mspabi_slll_5</name>
         <value>0x9e54</value>
         <object_component_ref idref="oc-3f0"/>
      </symbol>
      <symbol id="sm-503">
         <name>__mspabi_slll_4</name>
         <value>0x9e58</value>
         <object_component_ref idref="oc-3f0"/>
      </symbol>
      <symbol id="sm-504">
         <name>__mspabi_slll_3</name>
         <value>0x9e5c</value>
         <object_component_ref idref="oc-3f0"/>
      </symbol>
      <symbol id="sm-505">
         <name>__mspabi_slll_2</name>
         <value>0x9e60</value>
         <object_component_ref idref="oc-3f0"/>
      </symbol>
      <symbol id="sm-506">
         <name>__mspabi_slll_1</name>
         <value>0x9e64</value>
         <object_component_ref idref="oc-3f0"/>
      </symbol>
      <symbol id="sm-507">
         <name>__mspabi_slll_15</name>
         <value>0x9e2c</value>
         <object_component_ref idref="oc-3f0"/>
      </symbol>
      <symbol id="sm-508">
         <name>__mspabi_slll_14</name>
         <value>0x9e30</value>
         <object_component_ref idref="oc-3f0"/>
      </symbol>
      <symbol id="sm-509">
         <name>__mspabi_slll_13</name>
         <value>0x9e34</value>
         <object_component_ref idref="oc-3f0"/>
      </symbol>
      <symbol id="sm-50a">
         <name>__mspabi_slll_12</name>
         <value>0x9e38</value>
         <object_component_ref idref="oc-3f0"/>
      </symbol>
      <symbol id="sm-50b">
         <name>__mspabi_slll_11</name>
         <value>0x9e3c</value>
         <object_component_ref idref="oc-3f0"/>
      </symbol>
      <symbol id="sm-50c">
         <name>__mspabi_slll_10</name>
         <value>0x9e40</value>
         <object_component_ref idref="oc-3f0"/>
      </symbol>
      <symbol id="sm-514">
         <name>__mspabi_srli_8</name>
         <value>0x9c30</value>
         <object_component_ref idref="oc-40e"/>
      </symbol>
      <symbol id="sm-515">
         <name>__mspabi_srli_9</name>
         <value>0x9c2c</value>
         <object_component_ref idref="oc-40e"/>
      </symbol>
      <symbol id="sm-516">
         <name>__mspabi_srli_6</name>
         <value>0x9c38</value>
         <object_component_ref idref="oc-40e"/>
      </symbol>
      <symbol id="sm-517">
         <name>__mspabi_srli_7</name>
         <value>0x9c34</value>
         <object_component_ref idref="oc-40e"/>
      </symbol>
      <symbol id="sm-518">
         <name>__mspabi_srli_4</name>
         <value>0x9c40</value>
         <object_component_ref idref="oc-40e"/>
      </symbol>
      <symbol id="sm-519">
         <name>__mspabi_srli_5</name>
         <value>0x9c3c</value>
         <object_component_ref idref="oc-40e"/>
      </symbol>
      <symbol id="sm-51a">
         <name>__mspabi_srli_2</name>
         <value>0x9c48</value>
         <object_component_ref idref="oc-40e"/>
      </symbol>
      <symbol id="sm-51b">
         <name>__mspabi_srli_3</name>
         <value>0x9c44</value>
         <object_component_ref idref="oc-40e"/>
      </symbol>
      <symbol id="sm-51c">
         <name>__mspabi_srli_1</name>
         <value>0x9c4c</value>
         <object_component_ref idref="oc-40e"/>
      </symbol>
      <symbol id="sm-51d">
         <name>__mspabi_srli</name>
         <value>0x9c06</value>
         <object_component_ref idref="oc-40e"/>
      </symbol>
      <symbol id="sm-51e">
         <name>__mspabi_srli_15</name>
         <value>0x9c14</value>
         <object_component_ref idref="oc-40e"/>
      </symbol>
      <symbol id="sm-51f">
         <name>__mspabi_srli_14</name>
         <value>0x9c18</value>
         <object_component_ref idref="oc-40e"/>
      </symbol>
      <symbol id="sm-520">
         <name>__mspabi_srli_13</name>
         <value>0x9c1c</value>
         <object_component_ref idref="oc-40e"/>
      </symbol>
      <symbol id="sm-521">
         <name>__mspabi_srli_12</name>
         <value>0x9c20</value>
         <object_component_ref idref="oc-40e"/>
      </symbol>
      <symbol id="sm-522">
         <name>__mspabi_srli_11</name>
         <value>0x9c24</value>
         <object_component_ref idref="oc-40e"/>
      </symbol>
      <symbol id="sm-523">
         <name>__mspabi_srli_10</name>
         <value>0x9c28</value>
         <object_component_ref idref="oc-40e"/>
      </symbol>
      <symbol id="sm-533">
         <name>__mspabi_srll_8</name>
         <value>0x9842</value>
         <object_component_ref idref="oc-3f5"/>
      </symbol>
      <symbol id="sm-534">
         <name>__mspabi_srll_9</name>
         <value>0x983c</value>
         <object_component_ref idref="oc-3f5"/>
      </symbol>
      <symbol id="sm-535">
         <name>__mspabi_srll_6</name>
         <value>0x984e</value>
         <object_component_ref idref="oc-3f5"/>
      </symbol>
      <symbol id="sm-536">
         <name>__mspabi_srll_7</name>
         <value>0x9848</value>
         <object_component_ref idref="oc-3f5"/>
      </symbol>
      <symbol id="sm-537">
         <name>__mspabi_srll_4</name>
         <value>0x985a</value>
         <object_component_ref idref="oc-3f5"/>
      </symbol>
      <symbol id="sm-538">
         <name>__mspabi_srll_5</name>
         <value>0x9854</value>
         <object_component_ref idref="oc-3f5"/>
      </symbol>
      <symbol id="sm-539">
         <name>__mspabi_srll_2</name>
         <value>0x9866</value>
         <object_component_ref idref="oc-3f5"/>
      </symbol>
      <symbol id="sm-53a">
         <name>__mspabi_srll_3</name>
         <value>0x9860</value>
         <object_component_ref idref="oc-3f5"/>
      </symbol>
      <symbol id="sm-53b">
         <name>__mspabi_srll_1</name>
         <value>0x986c</value>
         <object_component_ref idref="oc-3f5"/>
      </symbol>
      <symbol id="sm-53c">
         <name>__mspabi_srll_15</name>
         <value>0x9818</value>
         <object_component_ref idref="oc-3f5"/>
      </symbol>
      <symbol id="sm-53d">
         <name>__mspabi_srll_14</name>
         <value>0x981e</value>
         <object_component_ref idref="oc-3f5"/>
      </symbol>
      <symbol id="sm-53e">
         <name>__mspabi_srll_13</name>
         <value>0x9824</value>
         <object_component_ref idref="oc-3f5"/>
      </symbol>
      <symbol id="sm-53f">
         <name>__mspabi_srll_12</name>
         <value>0x982a</value>
         <object_component_ref idref="oc-3f5"/>
      </symbol>
      <symbol id="sm-540">
         <name>__mspabi_srll_11</name>
         <value>0x9830</value>
         <object_component_ref idref="oc-3f5"/>
      </symbol>
      <symbol id="sm-541">
         <name>__mspabi_srll_10</name>
         <value>0x9836</value>
         <object_component_ref idref="oc-3f5"/>
      </symbol>
      <symbol id="sm-542">
         <name>__mspabi_srll</name>
         <value>0xa212</value>
         <object_component_ref idref="oc-413"/>
      </symbol>
      <symbol id="sm-550">
         <name>memcpy</name>
         <value>0xa224</value>
         <object_component_ref idref="oc-7e"/>
      </symbol>
      <symbol id="sm-573">
         <name>__mspabi_mpyd</name>
         <value>0x88c4</value>
         <object_component_ref idref="oc-261"/>
      </symbol>
      <symbol id="sm-57c">
         <name>_system_pre_init</name>
         <value>0xa27a</value>
         <object_component_ref idref="oc-65"/>
      </symbol>
      <symbol id="sm-586">
         <name>__mspabi_srai</name>
         <value>0x9f68</value>
         <object_component_ref idref="oc-380"/>
      </symbol>
      <symbol id="sm-587">
         <name>__mspabi_srai_8</name>
         <value>0x9f82</value>
         <object_component_ref idref="oc-380"/>
      </symbol>
      <symbol id="sm-588">
         <name>__mspabi_srai_9</name>
         <value>0x9f80</value>
         <object_component_ref idref="oc-380"/>
      </symbol>
      <symbol id="sm-589">
         <name>__mspabi_srai_6</name>
         <value>0x9f86</value>
         <object_component_ref idref="oc-380"/>
      </symbol>
      <symbol id="sm-58a">
         <name>__mspabi_srai_7</name>
         <value>0x9f84</value>
         <object_component_ref idref="oc-380"/>
      </symbol>
      <symbol id="sm-58b">
         <name>__mspabi_srai_4</name>
         <value>0x9f8a</value>
         <object_component_ref idref="oc-380"/>
      </symbol>
      <symbol id="sm-58c">
         <name>__mspabi_srai_5</name>
         <value>0x9f88</value>
         <object_component_ref idref="oc-380"/>
      </symbol>
      <symbol id="sm-58d">
         <name>__mspabi_srai_2</name>
         <value>0x9f8e</value>
         <object_component_ref idref="oc-380"/>
      </symbol>
      <symbol id="sm-58e">
         <name>__mspabi_srai_3</name>
         <value>0x9f8c</value>
         <object_component_ref idref="oc-380"/>
      </symbol>
      <symbol id="sm-58f">
         <name>__mspabi_srai_1</name>
         <value>0x9f90</value>
         <object_component_ref idref="oc-380"/>
      </symbol>
      <symbol id="sm-590">
         <name>__mspabi_srai_15</name>
         <value>0x9f74</value>
         <object_component_ref idref="oc-380"/>
      </symbol>
      <symbol id="sm-591">
         <name>__mspabi_srai_14</name>
         <value>0x9f76</value>
         <object_component_ref idref="oc-380"/>
      </symbol>
      <symbol id="sm-592">
         <name>__mspabi_srai_13</name>
         <value>0x9f78</value>
         <object_component_ref idref="oc-380"/>
      </symbol>
      <symbol id="sm-593">
         <name>__mspabi_srai_12</name>
         <value>0x9f7a</value>
         <object_component_ref idref="oc-380"/>
      </symbol>
      <symbol id="sm-594">
         <name>__mspabi_srai_11</name>
         <value>0x9f7c</value>
         <object_component_ref idref="oc-380"/>
      </symbol>
      <symbol id="sm-595">
         <name>__mspabi_srai_10</name>
         <value>0x9f7e</value>
         <object_component_ref idref="oc-380"/>
      </symbol>
      <symbol id="sm-5ab">
         <name>_auto_init</name>
         <value>0x975e</value>
         <object_component_ref idref="oc-6b"/>
      </symbol>
      <symbol id="sm-5bc">
         <name>__TI_frcmpyd</name>
         <value>0x830e</value>
         <object_component_ref idref="oc-385"/>
      </symbol>
      <symbol id="sm-5c6">
         <name>__mspabi_mpyl</name>
         <value>0x9fea</value>
         <object_component_ref idref="oc-3ff"/>
      </symbol>
      <symbol id="sm-5ce">
         <name>__mspabi_sral_15</name>
         <value>0x9dee</value>
         <object_component_ref idref="oc-404"/>
      </symbol>
      <symbol id="sm-5cf">
         <name>__mspabi_sral_14</name>
         <value>0x9df2</value>
         <object_component_ref idref="oc-404"/>
      </symbol>
      <symbol id="sm-5d0">
         <name>__mspabi_sral_13</name>
         <value>0x9df6</value>
         <object_component_ref idref="oc-404"/>
      </symbol>
      <symbol id="sm-5d1">
         <name>__mspabi_sral_12</name>
         <value>0x9dfa</value>
         <object_component_ref idref="oc-404"/>
      </symbol>
      <symbol id="sm-5d2">
         <name>__mspabi_sral_11</name>
         <value>0x9dfe</value>
         <object_component_ref idref="oc-404"/>
      </symbol>
      <symbol id="sm-5d3">
         <name>__mspabi_sral_10</name>
         <value>0x9e02</value>
         <object_component_ref idref="oc-404"/>
      </symbol>
      <symbol id="sm-5d4">
         <name>__mspabi_sral_8</name>
         <value>0x9e0a</value>
         <object_component_ref idref="oc-404"/>
      </symbol>
      <symbol id="sm-5d5">
         <name>__mspabi_sral_9</name>
         <value>0x9e06</value>
         <object_component_ref idref="oc-404"/>
      </symbol>
      <symbol id="sm-5d6">
         <name>__mspabi_sral_6</name>
         <value>0x9e12</value>
         <object_component_ref idref="oc-404"/>
      </symbol>
      <symbol id="sm-5d7">
         <name>__mspabi_sral_7</name>
         <value>0x9e0e</value>
         <object_component_ref idref="oc-404"/>
      </symbol>
      <symbol id="sm-5d8">
         <name>__mspabi_sral_4</name>
         <value>0x9e1a</value>
         <object_component_ref idref="oc-404"/>
      </symbol>
      <symbol id="sm-5d9">
         <name>__mspabi_sral_5</name>
         <value>0x9e16</value>
         <object_component_ref idref="oc-404"/>
      </symbol>
      <symbol id="sm-5da">
         <name>__mspabi_sral_2</name>
         <value>0x9e22</value>
         <object_component_ref idref="oc-404"/>
      </symbol>
      <symbol id="sm-5db">
         <name>__mspabi_sral_3</name>
         <value>0x9e1e</value>
         <object_component_ref idref="oc-404"/>
      </symbol>
      <symbol id="sm-5dc">
         <name>__mspabi_sral_1</name>
         <value>0x9e26</value>
         <object_component_ref idref="oc-404"/>
      </symbol>
      <symbol id="sm-5dd">
         <name>__TI_exit</name>
         <value>0x1</value>
      </symbol>
      <symbol id="sm-5de">
         <name>__TI_args_main</name>
         <value>0x1</value>
      </symbol>
      <symbol id="sm-5df">
         <name>__TI_INITARRAY_Base</name>
         <value>0x0</value>
      </symbol>
      <symbol id="sm-5e0">
         <name>__TI_INITARRAY_Limit</name>
         <value>0x0</value>
      </symbol>
   </symbol_table>
   <title>Link successful</title>
</link_info>
