******************************************************************************
                  MSP430 Linker PC v4.3.3                      
******************************************************************************
>> Linked Tue Mar 17 09:25:59 2015

OUTPUT FILE NAME:   <Emmu Remote cpp.out>
ENTRY POINT SYMBOL: "_c_int00"  address: 0000a110


MEMORY CONFIGURATION

         name            origin    length      used     unused   attr    fill
----------------------  --------  ---------  --------  --------  ----  --------
  SFR                   00000000   00000010  00000000  00000010  RWIX
  PERIPHERALS_8BIT      00000010   000000f0  00000000  000000f0  RWIX
  PERIPHERALS_16BIT     00000100   00000100  00000000  00000100  RWIX
  RAM                   00000200   00000400  000000b4  0000034c  RWIX
  INFOD                 00001000   00000040  00000000  00000040  RWIX
  INFOC                 00001040   00000040  00000000  00000040  RWIX
  INFOB                 00001080   00000040  00000000  00000040  RWIX
  INFOA                 000010c0   00000040  00000000  00000040  RWIX
  FLASH                 00008000   00007fde  0000236c  00005c72  RWIX
  INT00                 0000ffe0   00000002  00000000  00000002  RWIX
  INT01                 0000ffe2   00000002  00000000  00000002  RWIX
  INT02                 0000ffe4   00000002  00000002  00000000  RWIX
  INT03                 0000ffe6   00000002  00000002  00000000  RWIX
  INT04                 0000ffe8   00000002  00000000  00000002  RWIX
  INT05                 0000ffea   00000002  00000002  00000000  RWIX
  INT06                 0000ffec   00000002  00000002  00000000  RWIX
  INT07                 0000ffee   00000002  00000002  00000000  RWIX
  INT08                 0000fff0   00000002  00000002  00000000  RWIX
  INT09                 0000fff2   00000002  00000002  00000000  RWIX
  INT10                 0000fff4   00000002  00000002  00000000  RWIX
  INT11                 0000fff6   00000002  00000000  00000002  RWIX
  INT12                 0000fff8   00000002  00000002  00000000  RWIX
  INT13                 0000fffa   00000002  00000002  00000000  RWIX
  INT14                 0000fffc   00000002  00000002  00000000  RWIX
  RESET                 0000fffe   00000002  00000002  00000000  RWIX


SECTION ALLOCATION MAP

 output                                  attributes/
section   page    origin      length       input sections
--------  ----  ----------  ----------   ----------------
.init_array 
*          0    00008000    00000000     UNINITIALIZED

.bss       0    00000200    00000034     UNINITIALIZED
                  00000200    0000001c     (.common:radio)
                  0000021c    00000012     (.common:protocol)
                  0000022e    00000003     (.common:battery)
                  00000231    00000001     (.common:flash)
                  00000232    00000002     (.common:gv_uiSleepCnt)

.TI.noinit 
*          0    00000200    00000000     UNINITIALIZED

.data      0    00000234    00000030     UNINITIALIZED
                  00000234    00000012     main.obj (.data)
                  00000246    00000010     main.obj (.data:eventHandlers)
                  00000256    0000000e     main.obj (.data:stateProcessors)

.TI.persistent 
*          0    00000234    00000000     UNINITIALIZED

.stack     0    000005b0    00000050     UNINITIALIZED
                  000005b0    00000002     rts430_eabi.lib : boot.obj (.stack)
                  000005b2    0000004e     --HOLE--

.text      0    00008000    00002286     
                  00008000    0000030e     cc1101.obj (.text:_ZN6CC110115WriteRfSettingsEPK12rfSettings_t)
                  0000830e    000002f4     rts430_eabi.lib : frcmpyd.obj (.text:__TI_frcmpyd)
                  00008602    000002c2     main.obj (.text:_Z4Scanv)
                  000088c4    0000026e     rts430_eabi.lib : mpyd.obj (.text:__mspabi_mpyd)
                  00008b32    000001ce     main.obj (.text:main)
                  00008d00    000000de     cc1101.obj (.text:_ZN6CC110113ReceivePacketEPhS0_)
                  00008dde    000000ca     Stc3105.obj (.text:_ZN7Stc310511ReadVoltageEv)
                  00008ea8    000000a6     main.obj (.text:_Z12ReceivingAckv)
                  00008f4e    0000008a     interrupts.obj (.text:_Z9Port2_ISRv)
                  00008fd8    0000008a     i2c.obj (.text:_ZN7SoftI2c9ReadBlockEhhPh)
                  00009062    00000080     rts430_eabi.lib : fltuld.obj (.text:__mspabi_fltuld)
                  000090e2    0000007e     cc1101.obj (.text:_ZN6CC11015SleepEv)
                  00009160    0000007c     main.obj (.text:_Z25buttonBothPressed_Handlerv)
                  000091dc    0000007c     cc1101.obj (.text:_ZN6CC11014WakeEhh)
                  00009258    0000007a     cc1101.obj (.text:_ZN6CC110110SendPacketEPhh)
                  000092d2    0000007a     i2c.obj (.text:_ZN7SoftI2c6RxByteEh)
                  0000934c    00000078     cc1101.obj (.text:_ZN6CC110112ReadBurstRegEhPhh)
                  000093c4    00000074     rts430_eabi.lib : fixdul.obj (.text:__mspabi_fixdul)
                  00009438    0000006c     cc1101.obj (.text:_ZN6CC110113WriteBurstRegEhPhh)
                  000094a4    0000006a     main.obj (.text:_Z12StartupBlinkv)
                  0000950e    0000006a     i2c.obj (.text:_ZN7SoftI2c6TxByteEh)
                  00009578    00000066     AppProtocol.obj (.text:_ZN11AppProtocol11SendRequestEP6CC1101)
                  000095de    00000062     interrupts.obj (.text:_Z10TimerA_ISRv)
                  00009640    00000060     cc1101.obj (.text:_ZN6CC11015ResetEv)
                  000096a0    00000060     i2c.obj (.text:_ZN7SoftI2c10WriteBlockEhhPh)
                  00009700    0000005e     rts430_eabi.lib : copy_decompress_rle.obj (.text:__TI_decompress_rle_core)
                  0000975e    0000005e                     : autoinit.obj (.text:_auto_init)
                  000097bc    0000005c     spi.obj (.text:_ZN3Spi17SerialInterfaceRwEh)
                  00009818    0000005c     rts430_eabi.lib : lsr32.obj (.text:l_lsr_const)
                  00009874    0000005a     cc1101.obj (.text:_ZN6CC110110WaitForCCAEh)
                  000098ce    00000058     main.obj (.text:_Z6hwInitv)
                  00009926    00000058     cc1101.obj (.text:_ZN6CC11017ReadRegEh)
                  0000997e    00000058     Stc3105.obj (.text:_ZN7Stc31054InitEv)
                  000099d6    00000054     main.obj (.text:_Z10SendingCmdv)
                  00009a2a    00000052     main.obj (.text:_Z23button1Released_Handlerv)
                  00009a7c    00000052     main.obj (.text:_Z23button2Released_Handlerv)
                  00009ace    00000052     cc1101.obj (.text:_ZN6CC110110ReadStatusEh)
                  00009b20    0000004e     AppProtocol.obj (.text:_ZN11AppProtocol11ShowBatteryEh)
                  00009b6e    0000004c     main.obj (.text:_Z22button2Pressed_Handlerv)
                  00009bba    0000004c     cc1101.obj (.text:_ZN6CC11018WriteRegEhh)
                  00009c06    0000004c     rts430_eabi.lib : lsr16.obj (.text)
                  00009c52    0000004a     main.obj (.text:_Z22button1Pressed_Handlerv)
                  00009c9c    0000004a     main.obj (.text:_Z4Initv)
                  00009ce6    00000046     main.obj (.text:_Z23SwitchToStandby_Handlerv)
                  00009d2c    00000042     cc1101.obj (.text:_ZN6CC11016StrobeEh)
                  00009d6e    00000040     flash.obj (.text:_ZN11Msp430Flash9WriteByteEhh)
                  00009dae    00000040     i2c.obj (.text:_ZN7SoftI2c6SetAckEv)
                  00009dee    0000003e     rts430_eabi.lib : asr32.obj (.text:l_asr_const)
                  00009e2c    0000003e                     : lsl32.obj (.text:l_lsl_const)
                  00009e6a    00000038     AppProtocol.obj (.text:_ZN11AppProtocol11RandomDelayEv)
                  00009ea2    00000038     flash.obj (.text:_ZN11Msp430Flash5EraseEj)
                  00009eda    00000032     cc1101.obj (.text:_ZN6CC110112PowerupResetEv)
                  00009f0c    0000002e     main.obj (.text:_Z11ButtonsInitv)
                  00009f3a    0000002e     Stc3105.obj (.text:_ZN7Stc31055SleepEv)
                  00009f68    0000002c     rts430_eabi.lib : asr16.obj (.text)
                  00009f94    0000002c                     : lsl16.obj (.text)
                  00009fc0    0000002a     i2c.obj (.text:_Z7msSleepj)
                  00009fea    00000026     rts430_eabi.lib : mult32.obj (.text)
                  0000a010    00000024     i2c.obj (.text:_ZN7SoftI2c4StopEv)
                  0000a034    00000022     spi.obj (.text:_ZN3Spi20SerialInterfaceSetCsEh)
                  0000a056    00000020     i2c.obj (.text:_Z7usSleepj)
                  0000a076    00000020     main.obj (.text:_Z8LedsInitv)
                  0000a096    00000020     flash.obj (.text:_ZN11Msp430Flash8ReadByteEh)
                  0000a0b6    00000020     i2c.obj (.text:_ZN7SoftI2c5StartEv)
                  0000a0d6    00000020     i2c.obj (.text:_ZN7SoftI2c6GetAckEv)
                  0000a0f6    0000001a     spi.obj (.text:_ZN3Spi19SerialInterfaceInitEv)
                  0000a110    0000001a     rts430_eabi.lib : boot.obj (.text:_c_int00_noexit)
                  0000a12a    00000018     cc1101.obj (.text:_ZN6CC11018GpioInitEv)
                  0000a142    00000018     cc1101.obj (.text:_ZN6CC11018ReadGdo2Ev)
                  0000a15a    00000016     i2c.obj (.text:_Z5Sleepj)
                  0000a170    00000016     spi.obj (.text:_ZN3Spi23SerialInterfaceReadMisoEv)
                  0000a186    00000016     cc1101.obj (.text:_ZN6CC11018ReadGdo0Ev)
                  0000a19c    00000016     Stc3105.obj (.text:_ZN7Stc31058GpioInitEv)
                  0000a1b2    00000014     i2c.obj (.text:_ZN7SoftI2c7DelayMsEj)
                  0000a1c6    00000014     i2c.obj (.text:_ZN7SoftI2c7DelayUsEj)
                  0000a1da    00000014     rts430_eabi.lib : copy_zero_init.obj (.text:decompress:ZI:__TI_zero_init)
                  0000a1ee    00000012                     : fixdu.obj (.text:__mspabi_fixdu)
                  0000a200    00000012                     : copy_decompress_none.obj (.text:decompress:none:__TI_decompress_none)
                  0000a212    00000012                     : lsr32.obj (.text:l_lsr)
                  0000a224    00000012                     : memcpy.obj (.text:memcpy)
                  0000a236    00000010     AppProtocol.obj (.text:_ZN11AppProtocol4InitEv)
                  0000a246    00000010     rts430_eabi.lib : epilog.obj (.text)
                  0000a256    00000006     main.obj (.text:_Z13Error_Handlerv)
                  0000a25c    00000006     main.obj (.text:_Z19AckReceived_Handlerv)
                  0000a262    00000006     main.obj (.text:_Z7Standbyv)
                  0000a268    00000006     rts430_eabi.lib : isr_trap.obj (.text:__TI_ISR_TRAP)
                  0000a26e    00000006                     : fltud.obj (.text:__mspabi_fltud)
                  0000a274    00000006                     : copy_decompress_rle.obj (.text:decompress:rle24:__TI_decompress_rle24)
                  0000a27a    00000004                     : pre_init.obj (.text:_system_pre_init)
                  0000a27e    00000004                     : exit.obj (.text:abort)
                  0000a282    00000002     main.obj (.text:_Z11BatteryDeadv)
                  0000a284    00000002     main.obj (.text:_Z5Sleepv)

.const     0    0000a286    000000aa     
                  0000a286    00000064     AppProtocol.obj (.const:randdd)
                  0000a2ea    00000023     cc1101.obj (.const)
                  0000a30d    00000023     main.obj (.const)

.cinit     0    0000a330    0000003c     
                  0000a330    0000002a     (.cinit..data.load) [load image, compression = rle]
                  0000a35a    00000006     (__TI_handler_table)
                  0000a360    00000004     (.cinit..bss.load) [load image, compression = zero_init]
                  0000a364    00000008     (__TI_cinit_table)

PORT1      0    0000ffe4    00000002     
                  0000ffe4    00000002     rts430_eabi.lib : int02.obj (.int02)

PORT2      0    0000ffe6    00000002     
                  0000ffe6    00000002     interrupts.obj (.int03)

ADC10      0    0000ffea    00000002     
                  0000ffea    00000002     rts430_eabi.lib : int05.obj (.int05)

USCIAB0TX 
*          0    0000ffec    00000002     
                  0000ffec    00000002     rts430_eabi.lib : int06.obj (.int06)

USCIAB0RX 
*          0    0000ffee    00000002     
                  0000ffee    00000002     rts430_eabi.lib : int07.obj (.int07)

TIMERA1    0    0000fff0    00000002     
                  0000fff0    00000002     rts430_eabi.lib : int08.obj (.int08)

TIMERA0    0    0000fff2    00000002     
                  0000fff2    00000002     interrupts.obj (.int09)

WDT        0    0000fff4    00000002     
                  0000fff4    00000002     rts430_eabi.lib : int10.obj (.int10)

TIMERB1    0    0000fff8    00000002     
                  0000fff8    00000002     rts430_eabi.lib : int12.obj (.int12)

TIMERB0    0    0000fffa    00000002     
                  0000fffa    00000002     rts430_eabi.lib : int13.obj (.int13)

NMI        0    0000fffc    00000002     
                  0000fffc    00000002     rts430_eabi.lib : int14.obj (.int14)

.reset     0    0000fffe    00000002     
                  0000fffe    00000002     rts430_eabi.lib : boot.obj (.reset)


LINKER GENERATED COPY TABLES

__TI_cinit_table @ 0000a364 records: 2, size/record: 4, table size: 8
	.data: load addr=0000a330, load size=0000002a bytes, run addr=00000234, run size=00000030 bytes, compression=rle
	.bss: load addr=0000a360, load size=00000004 bytes, run addr=00000200, run size=00000034 bytes, compression=zero_init


LINKER GENERATED HANDLER TABLE

__TI_handler_table @ 0000a35a records: 3, size/record: 2, table size: 6
	index: 0, handler: __TI_zero_init
	index: 1, handler: __TI_decompress_rle24
	index: 2, handler: __TI_decompress_none


GLOBAL SYMBOLS: SORTED ALPHABETICALLY BY Name 

address    name
--------   ----
0000004a   ADC10AE0
0000004b   ADC10AE1
000001b0   ADC10CTL0
000001b2   ADC10CTL1
00000048   ADC10DTC0
00000049   ADC10DTC1
000001b4   ADC10MEM
000001bc   ADC10SA
00000057   BCSCTL1
00000058   BCSCTL2
00000053   BCSCTL3
0000a27e   C$$EXIT
000010fb   CALBC1_12MHZ
000010f9   CALBC1_16MHZ
000010ff   CALBC1_1MHZ
000010fd   CALBC1_8MHZ
000010fa   CALDCO_12MHZ
000010f8   CALDCO_16MHZ
000010fe   CALDCO_1MHZ
000010fc   CALDCO_8MHZ
00000056   DCOCTL
00000128   FCTL1
0000012a   FCTL2
0000012c   FCTL3
00000000   IE1
00000001   IE2
00000002   IFG1
00000003   IFG2
00000022   P1DIR
00000025   P1IE
00000024   P1IES
00000023   P1IFG
00000020   P1IN
00000021   P1OUT
00000027   P1REN
00000026   P1SEL
0000002a   P2DIR
0000002d   P2IE
0000002c   P2IES
0000002b   P2IFG
00000028   P2IN
00000029   P2OUT
0000002f   P2REN
0000002e   P2SEL
0000001a   P3DIR
00000018   P3IN
00000019   P3OUT
00000010   P3REN
0000001b   P3SEL
0000001e   P4DIR
0000001c   P4IN
0000001d   P4OUT
00000011   P4REN
0000001f   P4SEL
00000172   TACCR0
00000174   TACCR1
00000176   TACCR2
00000162   TACCTL0
00000164   TACCTL1
00000166   TACCTL2
00000160   TACTL
0000012e   TAIV
00000170   TAR
00000192   TBCCR0
00000194   TBCCR1
00000196   TBCCR2
00000182   TBCCTL0
00000184   TBCCTL1
00000186   TBCCTL2
00000180   TBCTL
0000011e   TBIV
00000190   TBR
0000005d   UCA0ABCTL
00000062   UCA0BR0
00000063   UCA0BR1
00000060   UCA0CTL0
00000061   UCA0CTL1
0000005f   UCA0IRRCTL
0000005e   UCA0IRTCTL
00000064   UCA0MCTL
00000066   UCA0RXBUF
00000065   UCA0STAT
00000067   UCA0TXBUF
0000006a   UCB0BR0
0000006b   UCB0BR1
00000068   UCB0CTL0
00000069   UCB0CTL1
0000006c   UCB0I2CIE
00000118   UCB0I2COA
0000011a   UCB0I2CSA
0000006e   UCB0RXBUF
0000006d   UCB0STAT
0000006f   UCB0TXBUF
00000120   WDTCTL
000099d6   _Z10SendingCmdv
000095de   _Z10TimerA_ISRv
0000a282   _Z11BatteryDeadv
00009f0c   _Z11ButtonsInitv
00008ea8   _Z12ReceivingAckv
000094a4   _Z12StartupBlinkv
0000a256   _Z13Error_Handlerv
0000a25c   _Z19AckReceived_Handlerv
00009c52   _Z22button1Pressed_Handlerv
00009b6e   _Z22button2Pressed_Handlerv
00009ce6   _Z23SwitchToStandby_Handlerv
00009a2a   _Z23button1Released_Handlerv
00009a7c   _Z23button2Released_Handlerv
00009160   _Z25buttonBothPressed_Handlerv
00009c9c   _Z4Initv
00008602   _Z4Scanv
0000a15a   _Z5Sleepj
0000a284   _Z5Sleepv
000098ce   _Z6hwInitv
0000a262   _Z7Standbyv
00009fc0   _Z7msSleepj
0000a056   _Z7usSleepj
0000a076   _Z8LedsInitv
00008f4e   _Z9Port2_ISRv
00009e6a   _ZN11AppProtocol11RandomDelayEv
00009578   _ZN11AppProtocol11SendRequestEP6CC1101
00009b20   _ZN11AppProtocol11ShowBatteryEh
0000a236   _ZN11AppProtocol4InitEv
00009ea2   _ZN11Msp430Flash5EraseEj
0000a096   _ZN11Msp430Flash8ReadByteEh
00009d6e   _ZN11Msp430Flash9WriteByteEhh
000097bc   _ZN3Spi17SerialInterfaceRwEh
0000a0f6   _ZN3Spi19SerialInterfaceInitEv
0000a034   _ZN3Spi20SerialInterfaceSetCsEh
0000a170   _ZN3Spi23SerialInterfaceReadMisoEv
00009ace   _ZN6CC110110ReadStatusEh
00009258   _ZN6CC110110SendPacketEPhh
00009874   _ZN6CC110110WaitForCCAEh
00009eda   _ZN6CC110112PowerupResetEv
0000934c   _ZN6CC110112ReadBurstRegEhPhh
00008d00   _ZN6CC110113ReceivePacketEPhS0_
00009438   _ZN6CC110113WriteBurstRegEhPhh
00008000   _ZN6CC110115WriteRfSettingsEPK12rfSettings_t
000091dc   _ZN6CC11014WakeEhh
00009640   _ZN6CC11015ResetEv
000090e2   _ZN6CC11015SleepEv
00009d2c   _ZN6CC11016StrobeEh
00009926   _ZN6CC11017ReadRegEh
0000a12a   _ZN6CC11018GpioInitEv
0000a186   _ZN6CC11018ReadGdo0Ev
0000a142   _ZN6CC11018ReadGdo2Ev
00009bba   _ZN6CC11018WriteRegEhh
000096a0   _ZN7SoftI2c10WriteBlockEhhPh
0000a010   _ZN7SoftI2c4StopEv
0000a0b6   _ZN7SoftI2c5StartEv
0000a0d6   _ZN7SoftI2c6GetAckEv
000092d2   _ZN7SoftI2c6RxByteEh
00009dae   _ZN7SoftI2c6SetAckEv
0000950e   _ZN7SoftI2c6TxByteEh
0000a1b2   _ZN7SoftI2c7DelayMsEj
0000a1c6   _ZN7SoftI2c7DelayUsEj
00008fd8   _ZN7SoftI2c9ReadBlockEhhPh
00008dde   _ZN7Stc310511ReadVoltageEv
0000997e   _ZN7Stc31054InitEv
00009f3a   _ZN7Stc31055SleepEv
0000a19c   _ZN7Stc31058GpioInitEv
00000600   __STACK_END
00000050   __STACK_SIZE
0000a364   __TI_CINIT_Base
0000a36c   __TI_CINIT_Limit
0000a35a   __TI_Handler_Table_Base
0000a360   __TI_Handler_Table_Limit
UNDEFED    __TI_INITARRAY_Base
UNDEFED    __TI_INITARRAY_Limit
0000a268   __TI_ISR_TRAP
00000001   __TI_args_main
0000a200   __TI_decompress_none
0000a274   __TI_decompress_rle24
00000001   __TI_exit
0000830e   __TI_frcmpyd
0000ffe4   __TI_int02
0000ffe6   __TI_int03
0000ffea   __TI_int05
0000ffec   __TI_int06
0000ffee   __TI_int07
0000fff0   __TI_int08
0000fff2   __TI_int09
0000fff4   __TI_int10
0000fff8   __TI_int12
0000fffa   __TI_int13
0000fffc   __TI_int14
0000a1da   __TI_zero_init
ffffffff   __binit__
ffffffff   __c_args__
0000a1ee   __mspabi_fixdu
000093c4   __mspabi_fixdul
0000a26e   __mspabi_fltud
00009062   __mspabi_fltuld
0000a252   __mspabi_func_epilog_1
0000a250   __mspabi_func_epilog_2
0000a24e   __mspabi_func_epilog_3
0000a24c   __mspabi_func_epilog_4
0000a24a   __mspabi_func_epilog_5
0000a248   __mspabi_func_epilog_6
0000a246   __mspabi_func_epilog_7
000088c4   __mspabi_mpyd
00009fea   __mspabi_mpyl
00009f94   __mspabi_slli
00009fbc   __mspabi_slli_1
00009faa   __mspabi_slli_10
00009fa8   __mspabi_slli_11
00009fa6   __mspabi_slli_12
00009fa4   __mspabi_slli_13
00009fa2   __mspabi_slli_14
00009fa0   __mspabi_slli_15
00009fba   __mspabi_slli_2
00009fb8   __mspabi_slli_3
00009fb6   __mspabi_slli_4
00009fb4   __mspabi_slli_5
00009fb2   __mspabi_slli_6
00009fb0   __mspabi_slli_7
00009fae   __mspabi_slli_8
00009fac   __mspabi_slli_9
00009e64   __mspabi_slll_1
00009e40   __mspabi_slll_10
00009e3c   __mspabi_slll_11
00009e38   __mspabi_slll_12
00009e34   __mspabi_slll_13
00009e30   __mspabi_slll_14
00009e2c   __mspabi_slll_15
00009e60   __mspabi_slll_2
00009e5c   __mspabi_slll_3
00009e58   __mspabi_slll_4
00009e54   __mspabi_slll_5
00009e50   __mspabi_slll_6
00009e4c   __mspabi_slll_7
00009e48   __mspabi_slll_8
00009e44   __mspabi_slll_9
00009f68   __mspabi_srai
00009f90   __mspabi_srai_1
00009f7e   __mspabi_srai_10
00009f7c   __mspabi_srai_11
00009f7a   __mspabi_srai_12
00009f78   __mspabi_srai_13
00009f76   __mspabi_srai_14
00009f74   __mspabi_srai_15
00009f8e   __mspabi_srai_2
00009f8c   __mspabi_srai_3
00009f8a   __mspabi_srai_4
00009f88   __mspabi_srai_5
00009f86   __mspabi_srai_6
00009f84   __mspabi_srai_7
00009f82   __mspabi_srai_8
00009f80   __mspabi_srai_9
00009e26   __mspabi_sral_1
00009e02   __mspabi_sral_10
00009dfe   __mspabi_sral_11
00009dfa   __mspabi_sral_12
00009df6   __mspabi_sral_13
00009df2   __mspabi_sral_14
00009dee   __mspabi_sral_15
00009e22   __mspabi_sral_2
00009e1e   __mspabi_sral_3
00009e1a   __mspabi_sral_4
00009e16   __mspabi_sral_5
00009e12   __mspabi_sral_6
00009e0e   __mspabi_sral_7
00009e0a   __mspabi_sral_8
00009e06   __mspabi_sral_9
00009c06   __mspabi_srli
00009c4c   __mspabi_srli_1
00009c28   __mspabi_srli_10
00009c24   __mspabi_srli_11
00009c20   __mspabi_srli_12
00009c1c   __mspabi_srli_13
00009c18   __mspabi_srli_14
00009c14   __mspabi_srli_15
00009c48   __mspabi_srli_2
00009c44   __mspabi_srli_3
00009c40   __mspabi_srli_4
00009c3c   __mspabi_srli_5
00009c38   __mspabi_srli_6
00009c34   __mspabi_srli_7
00009c30   __mspabi_srli_8
00009c2c   __mspabi_srli_9
0000a212   __mspabi_srll
0000986c   __mspabi_srll_1
00009836   __mspabi_srll_10
00009830   __mspabi_srll_11
0000982a   __mspabi_srll_12
00009824   __mspabi_srll_13
0000981e   __mspabi_srll_14
00009818   __mspabi_srll_15
00009866   __mspabi_srll_2
00009860   __mspabi_srll_3
0000985a   __mspabi_srll_4
00009854   __mspabi_srll_5
0000984e   __mspabi_srll_6
00009848   __mspabi_srll_7
00009842   __mspabi_srll_8
0000983c   __mspabi_srll_9
0000975e   _auto_init
0000a110   _c_int00
0000a110   _c_int00_noexit
0000fffe   _reset_vector
000005b0   _stack
0000a27a   _system_pre_init
0000a27e   abort
0000023c   attemptCounter1
0000023d   attemptCounter2
0000022e   battery
00000244   batteryCounterEnabled
00000243   batteryEnable
0000023e   batteryPending
00000242   batteryRefreshCounter
00000245   batteryStopIndication
00000240   batteryTimeoutCounter
ffffffff   binit
00000238   event
00000246   eventHandlers
00000235   eventPending
00000231   flash
00000232   gv_uiSleepCnt
00008b32   main
0000a224   memcpy
00000234   needStateProcessing
00000236   power
0000023a   powerOffCounter
0000021c   protocol
00000200   radio
00000237   state
00000256   stateProcessors


GLOBAL SYMBOLS: SORTED BY Symbol Address 

address    name
--------   ----
00000000   IE1
00000001   IE2
00000001   __TI_args_main
00000001   __TI_exit
00000002   IFG1
00000003   IFG2
00000010   P3REN
00000011   P4REN
00000018   P3IN
00000019   P3OUT
0000001a   P3DIR
0000001b   P3SEL
0000001c   P4IN
0000001d   P4OUT
0000001e   P4DIR
0000001f   P4SEL
00000020   P1IN
00000021   P1OUT
00000022   P1DIR
00000023   P1IFG
00000024   P1IES
00000025   P1IE
00000026   P1SEL
00000027   P1REN
00000028   P2IN
00000029   P2OUT
0000002a   P2DIR
0000002b   P2IFG
0000002c   P2IES
0000002d   P2IE
0000002e   P2SEL
0000002f   P2REN
00000048   ADC10DTC0
00000049   ADC10DTC1
0000004a   ADC10AE0
0000004b   ADC10AE1
00000050   __STACK_SIZE
00000053   BCSCTL3
00000056   DCOCTL
00000057   BCSCTL1
00000058   BCSCTL2
0000005d   UCA0ABCTL
0000005e   UCA0IRTCTL
0000005f   UCA0IRRCTL
00000060   UCA0CTL0
00000061   UCA0CTL1
00000062   UCA0BR0
00000063   UCA0BR1
00000064   UCA0MCTL
00000065   UCA0STAT
00000066   UCA0RXBUF
00000067   UCA0TXBUF
00000068   UCB0CTL0
00000069   UCB0CTL1
0000006a   UCB0BR0
0000006b   UCB0BR1
0000006c   UCB0I2CIE
0000006d   UCB0STAT
0000006e   UCB0RXBUF
0000006f   UCB0TXBUF
00000118   UCB0I2COA
0000011a   UCB0I2CSA
0000011e   TBIV
00000120   WDTCTL
00000128   FCTL1
0000012a   FCTL2
0000012c   FCTL3
0000012e   TAIV
00000160   TACTL
00000162   TACCTL0
00000164   TACCTL1
00000166   TACCTL2
00000170   TAR
00000172   TACCR0
00000174   TACCR1
00000176   TACCR2
00000180   TBCTL
00000182   TBCCTL0
00000184   TBCCTL1
00000186   TBCCTL2
00000190   TBR
00000192   TBCCR0
00000194   TBCCR1
00000196   TBCCR2
000001b0   ADC10CTL0
000001b2   ADC10CTL1
000001b4   ADC10MEM
000001bc   ADC10SA
00000200   radio
0000021c   protocol
0000022e   battery
00000231   flash
00000232   gv_uiSleepCnt
00000234   needStateProcessing
00000235   eventPending
00000236   power
00000237   state
00000238   event
0000023a   powerOffCounter
0000023c   attemptCounter1
0000023d   attemptCounter2
0000023e   batteryPending
00000240   batteryTimeoutCounter
00000242   batteryRefreshCounter
00000243   batteryEnable
00000244   batteryCounterEnabled
00000245   batteryStopIndication
00000246   eventHandlers
00000256   stateProcessors
000005b0   _stack
00000600   __STACK_END
000010f8   CALDCO_16MHZ
000010f9   CALBC1_16MHZ
000010fa   CALDCO_12MHZ
000010fb   CALBC1_12MHZ
000010fc   CALDCO_8MHZ
000010fd   CALBC1_8MHZ
000010fe   CALDCO_1MHZ
000010ff   CALBC1_1MHZ
00008000   _ZN6CC110115WriteRfSettingsEPK12rfSettings_t
0000830e   __TI_frcmpyd
00008602   _Z4Scanv
000088c4   __mspabi_mpyd
00008b32   main
00008d00   _ZN6CC110113ReceivePacketEPhS0_
00008dde   _ZN7Stc310511ReadVoltageEv
00008ea8   _Z12ReceivingAckv
00008f4e   _Z9Port2_ISRv
00008fd8   _ZN7SoftI2c9ReadBlockEhhPh
00009062   __mspabi_fltuld
000090e2   _ZN6CC11015SleepEv
00009160   _Z25buttonBothPressed_Handlerv
000091dc   _ZN6CC11014WakeEhh
00009258   _ZN6CC110110SendPacketEPhh
000092d2   _ZN7SoftI2c6RxByteEh
0000934c   _ZN6CC110112ReadBurstRegEhPhh
000093c4   __mspabi_fixdul
00009438   _ZN6CC110113WriteBurstRegEhPhh
000094a4   _Z12StartupBlinkv
0000950e   _ZN7SoftI2c6TxByteEh
00009578   _ZN11AppProtocol11SendRequestEP6CC1101
000095de   _Z10TimerA_ISRv
00009640   _ZN6CC11015ResetEv
000096a0   _ZN7SoftI2c10WriteBlockEhhPh
0000975e   _auto_init
000097bc   _ZN3Spi17SerialInterfaceRwEh
00009818   __mspabi_srll_15
0000981e   __mspabi_srll_14
00009824   __mspabi_srll_13
0000982a   __mspabi_srll_12
00009830   __mspabi_srll_11
00009836   __mspabi_srll_10
0000983c   __mspabi_srll_9
00009842   __mspabi_srll_8
00009848   __mspabi_srll_7
0000984e   __mspabi_srll_6
00009854   __mspabi_srll_5
0000985a   __mspabi_srll_4
00009860   __mspabi_srll_3
00009866   __mspabi_srll_2
0000986c   __mspabi_srll_1
00009874   _ZN6CC110110WaitForCCAEh
000098ce   _Z6hwInitv
00009926   _ZN6CC11017ReadRegEh
0000997e   _ZN7Stc31054InitEv
000099d6   _Z10SendingCmdv
00009a2a   _Z23button1Released_Handlerv
00009a7c   _Z23button2Released_Handlerv
00009ace   _ZN6CC110110ReadStatusEh
00009b20   _ZN11AppProtocol11ShowBatteryEh
00009b6e   _Z22button2Pressed_Handlerv
00009bba   _ZN6CC11018WriteRegEhh
00009c06   __mspabi_srli
00009c14   __mspabi_srli_15
00009c18   __mspabi_srli_14
00009c1c   __mspabi_srli_13
00009c20   __mspabi_srli_12
00009c24   __mspabi_srli_11
00009c28   __mspabi_srli_10
00009c2c   __mspabi_srli_9
00009c30   __mspabi_srli_8
00009c34   __mspabi_srli_7
00009c38   __mspabi_srli_6
00009c3c   __mspabi_srli_5
00009c40   __mspabi_srli_4
00009c44   __mspabi_srli_3
00009c48   __mspabi_srli_2
00009c4c   __mspabi_srli_1
00009c52   _Z22button1Pressed_Handlerv
00009c9c   _Z4Initv
00009ce6   _Z23SwitchToStandby_Handlerv
00009d2c   _ZN6CC11016StrobeEh
00009d6e   _ZN11Msp430Flash9WriteByteEhh
00009dae   _ZN7SoftI2c6SetAckEv
00009dee   __mspabi_sral_15
00009df2   __mspabi_sral_14
00009df6   __mspabi_sral_13
00009dfa   __mspabi_sral_12
00009dfe   __mspabi_sral_11
00009e02   __mspabi_sral_10
00009e06   __mspabi_sral_9
00009e0a   __mspabi_sral_8
00009e0e   __mspabi_sral_7
00009e12   __mspabi_sral_6
00009e16   __mspabi_sral_5
00009e1a   __mspabi_sral_4
00009e1e   __mspabi_sral_3
00009e22   __mspabi_sral_2
00009e26   __mspabi_sral_1
00009e2c   __mspabi_slll_15
00009e30   __mspabi_slll_14
00009e34   __mspabi_slll_13
00009e38   __mspabi_slll_12
00009e3c   __mspabi_slll_11
00009e40   __mspabi_slll_10
00009e44   __mspabi_slll_9
00009e48   __mspabi_slll_8
00009e4c   __mspabi_slll_7
00009e50   __mspabi_slll_6
00009e54   __mspabi_slll_5
00009e58   __mspabi_slll_4
00009e5c   __mspabi_slll_3
00009e60   __mspabi_slll_2
00009e64   __mspabi_slll_1
00009e6a   _ZN11AppProtocol11RandomDelayEv
00009ea2   _ZN11Msp430Flash5EraseEj
00009eda   _ZN6CC110112PowerupResetEv
00009f0c   _Z11ButtonsInitv
00009f3a   _ZN7Stc31055SleepEv
00009f68   __mspabi_srai
00009f74   __mspabi_srai_15
00009f76   __mspabi_srai_14
00009f78   __mspabi_srai_13
00009f7a   __mspabi_srai_12
00009f7c   __mspabi_srai_11
00009f7e   __mspabi_srai_10
00009f80   __mspabi_srai_9
00009f82   __mspabi_srai_8
00009f84   __mspabi_srai_7
00009f86   __mspabi_srai_6
00009f88   __mspabi_srai_5
00009f8a   __mspabi_srai_4
00009f8c   __mspabi_srai_3
00009f8e   __mspabi_srai_2
00009f90   __mspabi_srai_1
00009f94   __mspabi_slli
00009fa0   __mspabi_slli_15
00009fa2   __mspabi_slli_14
00009fa4   __mspabi_slli_13
00009fa6   __mspabi_slli_12
00009fa8   __mspabi_slli_11
00009faa   __mspabi_slli_10
00009fac   __mspabi_slli_9
00009fae   __mspabi_slli_8
00009fb0   __mspabi_slli_7
00009fb2   __mspabi_slli_6
00009fb4   __mspabi_slli_5
00009fb6   __mspabi_slli_4
00009fb8   __mspabi_slli_3
00009fba   __mspabi_slli_2
00009fbc   __mspabi_slli_1
00009fc0   _Z7msSleepj
00009fea   __mspabi_mpyl
0000a010   _ZN7SoftI2c4StopEv
0000a034   _ZN3Spi20SerialInterfaceSetCsEh
0000a056   _Z7usSleepj
0000a076   _Z8LedsInitv
0000a096   _ZN11Msp430Flash8ReadByteEh
0000a0b6   _ZN7SoftI2c5StartEv
0000a0d6   _ZN7SoftI2c6GetAckEv
0000a0f6   _ZN3Spi19SerialInterfaceInitEv
0000a110   _c_int00
0000a110   _c_int00_noexit
0000a12a   _ZN6CC11018GpioInitEv
0000a142   _ZN6CC11018ReadGdo2Ev
0000a15a   _Z5Sleepj
0000a170   _ZN3Spi23SerialInterfaceReadMisoEv
0000a186   _ZN6CC11018ReadGdo0Ev
0000a19c   _ZN7Stc31058GpioInitEv
0000a1b2   _ZN7SoftI2c7DelayMsEj
0000a1c6   _ZN7SoftI2c7DelayUsEj
0000a1da   __TI_zero_init
0000a1ee   __mspabi_fixdu
0000a200   __TI_decompress_none
0000a212   __mspabi_srll
0000a224   memcpy
0000a236   _ZN11AppProtocol4InitEv
0000a246   __mspabi_func_epilog_7
0000a248   __mspabi_func_epilog_6
0000a24a   __mspabi_func_epilog_5
0000a24c   __mspabi_func_epilog_4
0000a24e   __mspabi_func_epilog_3
0000a250   __mspabi_func_epilog_2
0000a252   __mspabi_func_epilog_1
0000a256   _Z13Error_Handlerv
0000a25c   _Z19AckReceived_Handlerv
0000a262   _Z7Standbyv
0000a268   __TI_ISR_TRAP
0000a26e   __mspabi_fltud
0000a274   __TI_decompress_rle24
0000a27a   _system_pre_init
0000a27e   C$$EXIT
0000a27e   abort
0000a282   _Z11BatteryDeadv
0000a284   _Z5Sleepv
0000a35a   __TI_Handler_Table_Base
0000a360   __TI_Handler_Table_Limit
0000a364   __TI_CINIT_Base
0000a36c   __TI_CINIT_Limit
0000ffe4   __TI_int02
0000ffe6   __TI_int03
0000ffea   __TI_int05
0000ffec   __TI_int06
0000ffee   __TI_int07
0000fff0   __TI_int08
0000fff2   __TI_int09
0000fff4   __TI_int10
0000fff8   __TI_int12
0000fffa   __TI_int13
0000fffc   __TI_int14
0000fffe   _reset_vector
ffffffff   __binit__
ffffffff   __c_args__
ffffffff   binit
UNDEFED    __TI_INITARRAY_Base
UNDEFED    __TI_INITARRAY_Limit

[326 symbols]
